Product: MDK-ARM Lite 5.10
Component: ARM Compiler 5.04 update 1 (build 49)
Tool: armlink [5040049]

==============================================================================

Section Cross References

    main.o(.text) refers to _printf_pad.o(.text) for _printf_pre_padding
    main.o(.text) refers to _printf_percent.o(.ARM.Collect$$_printf_percent$$00000000) for _printf_percent
    main.o(.text) refers to _printf_f.o(.ARM.Collect$$_printf_percent$$00000003) for _printf_f
    main.o(.text) refers to _printf_c.o(.ARM.Collect$$_printf_percent$$00000013) for _printf_c
    main.o(.text) refers to printf1.o(x$fpl$printf1) for _printf_fp_dec
    main.o(.text) refers to _printf_str.o(.text) for _printf_str
    main.o(.text) refers to _printf_s.o(.ARM.Collect$$_printf_percent$$00000014) for _printf_s
    main.o(.text) refers to fflt_clz.o(x$fpl$ffltu) for __aeabi_ui2f
    main.o(.text) refers to feqf.o(x$fpl$feqf) for __aeabi_cfcmpeq
    main.o(.text) refers to fdiv.o(x$fpl$fdiv) for __aeabi_fdiv
    main.o(.text) refers to f2d.o(x$fpl$f2d) for __aeabi_f2d
    main.o(.text) refers to __2sprintf.o(.text) for __2sprintf
    main.o(.text) refers to __2printf.o(.text) for __2printf
    main.o(.text) refers to sys.o(.text) for NVIC_Configuration
    main.o(.text) refers to delay.o(.text) for delay_init
    main.o(.text) refers to usart.o(.text) for uart_init
    main.o(.text) refers to led.o(.text) for LED_Init
    main.o(.text) refers to usart2.o(.text) for USART2_Init
    main.o(.text) refers to sim808.o(.text) for GPS_Enable
    main.o(.text) refers to gps.o(.text) for GPS_Analysis
    main.o(.text) refers to main.o(.bss) for gpsx
    main.o(.text) refers to usart2.o(.data) for USART2_RX_STA
    main.o(.text) refers to usart2.o(.bss) for USART2_RX_BUF
    system_stm32f10x.o(.text) refers to system_stm32f10x.o(.data) for SystemCoreClock
    key.o(.text) refers to stm32f10x_rcc.o(.text) for RCC_APB2PeriphClockCmd
    key.o(.text) refers to stm32f10x_gpio.o(.text) for GPIO_PinRemapConfig
    key.o(.text) refers to delay.o(.text) for delay_ms
    key.o(.text) refers to key.o(.data) for key_up
    led.o(.text) refers to stm32f10x_rcc.o(.text) for RCC_APB2PeriphClockCmd
    led.o(.text) refers to stm32f10x_gpio.o(.text) for GPIO_Init
    usart2.o(.text) refers to stm32f10x_tim.o(.text) for TIM_SetCounter
    usart2.o(.text) refers to stm32f10x_usart.o(.text) for USART_GetITStatus
    usart2.o(.text) refers to stm32f10x_rcc.o(.text) for RCC_APB1PeriphClockCmd
    usart2.o(.text) refers to misc.o(.text) for NVIC_Init
    usart2.o(.text) refers to stm32f10x_dma.o(.text) for DMA_DeInit
    usart2.o(.text) refers to stm32f10x_gpio.o(.text) for GPIO_Init
    usart2.o(.text) refers to c89vsprintf.o(.text) for __c89vsprintf
    usart2.o(.text) refers to strlen.o(.text) for strlen
    usart2.o(.text) refers to usart2.o(.data) for USART2_RX_STA
    usart2.o(.text) refers to usart2.o(.bss) for USART2_RX_BUF
    usart2.o(.text) refers to sim808.o(.data) for Scan_Wtime
    delay.o(.text) refers to misc.o(.text) for SysTick_CLKSourceConfig
    delay.o(.text) refers to system_stm32f10x.o(.data) for SystemCoreClock
    delay.o(.text) refers to delay.o(.data) for fac_us
    sys.o(.text) refers to misc.o(.text) for NVIC_PriorityGroupConfig
    usart.o(.text) refers (Special) to use_no_semi_2.o(.text) for __use_no_semihosting
    usart.o(.text) refers to stm32f10x_rcc.o(.text) for RCC_APB2PeriphClockCmd
    usart.o(.text) refers to stm32f10x_usart.o(.text) for USART_DeInit
    usart.o(.text) refers to stm32f10x_gpio.o(.text) for GPIO_Init
    usart.o(.text) refers to misc.o(.text) for NVIC_Init
    usart.o(.text) refers to usart.o(.data) for USART_RX_STA
    usart.o(.text) refers to usart.o(.bss) for USART_RX_BUF
    usart.o(.bss) refers (Special) to use_no_semi_2.o(.text) for __use_no_semihosting
    usart.o(.data) refers (Special) to use_no_semi_2.o(.text) for __use_no_semihosting
    startup_stm32f10x_md.o(STACK) refers (Special) to heapauxi.o(.text) for __use_two_region_memory
    startup_stm32f10x_md.o(HEAP) refers (Special) to heapauxi.o(.text) for __use_two_region_memory
    startup_stm32f10x_md.o(RESET) refers (Special) to heapauxi.o(.text) for __use_two_region_memory
    startup_stm32f10x_md.o(RESET) refers to startup_stm32f10x_md.o(STACK) for __initial_sp
    startup_stm32f10x_md.o(RESET) refers to startup_stm32f10x_md.o(.text) for Reset_Handler
    startup_stm32f10x_md.o(RESET) refers to stm32f10x_it.o(.text) for NMI_Handler
    startup_stm32f10x_md.o(RESET) refers to usart2.o(.text) for TIM4_IRQHandler
    startup_stm32f10x_md.o(RESET) refers to usart.o(.text) for USART1_IRQHandler
    startup_stm32f10x_md.o(.text) refers (Special) to heapauxi.o(.text) for __use_two_region_memory
    startup_stm32f10x_md.o(.text) refers to system_stm32f10x.o(.text) for SystemInit
    startup_stm32f10x_md.o(.text) refers to __main.o(!!!main) for __main
    startup_stm32f10x_md.o(.text) refers to startup_stm32f10x_md.o(HEAP) for Heap_Mem
[...]
    .ARM.Collect$$rtentry$$0000000A          0x0800021a   Section        4  rtentry2.o(.ARM.Collect$$rtentry$$0000000A)
    .ARM.Collect$$rtentry$$0000000C          0x0800021e   Section        0  rtentry2.o(.ARM.Collect$$rtentry$$0000000C)
    .ARM.Collect$$rtentry$$0000000D          0x0800021e   Section        8  rtentry2.o(.ARM.Collect$$rtentry$$0000000D)
    .ARM.Collect$$rtexit$$00000000           0x08000226   Section        2  rtexit.o(.ARM.Collect$$rtexit$$00000000)
    .ARM.Collect$$rtexit$$00000002           0x08000228   Section        0  rtexit2.o(.ARM.Collect$$rtexit$$00000002)
    .ARM.Collect$$rtexit$$00000003           0x08000228   Section        4  rtexit2.o(.ARM.Collect$$rtexit$$00000003)
    .ARM.Collect$$rtexit$$00000004           0x0800022c   Section        6  rtexit2.o(.ARM.Collect$$rtexit$$00000004)
    .text                                    0x08000234   Section        0  main.o(.text)
    .text                                    0x08000424   Section        0  stm32f10x_it.o(.text)
    .text                                    0x08000440   Section        0  system_stm32f10x.o(.text)
    SetSysClockTo72                          0x08000441   Thumb Code   214  system_stm32f10x.o(.text)
    SetSysClock                              0x08000517   Thumb Code     8  system_stm32f10x.o(.text)
    .text                                    0x08000620   Section        0  key.o(.text)
    .text                                    0x0800071c   Section        0  led.o(.text)
    .text                                    0x08000754   Section        0  usart2.o(.text)
    .text                                    0x08000af8   Section        0  delay.o(.text)
    .text                                    0x08000bcc   Section        0  sys.o(.text)
    .text                                    0x08000bd8   Section        0  usart.o(.text)
    .text                                    0x08000d20   Section       64  startup_stm32f10x_md.o(.text)
    .text                                    0x08000d60   Section        0  misc.o(.text)
    .text                                    0x08000e3c   Section        0  stm32f10x_gpio.o(.text)
    .text                                    0x08001198   Section        0  stm32f10x_rcc.o(.text)
    .text                                    0x0800153c   Section        0  stm32f10x_usart.o(.text)
    .text                                    0x08001944   Section        0  stm32f10x_tim.o(.text)
    TI4_Config                               0x08001deb   Thumb Code   130  stm32f10x_tim.o(.text)
    TI3_Config                               0x08001e7f   Thumb Code   122  stm32f10x_tim.o(.text)
    TI2_Config                               0x08001f13   Thumb Code   130  stm32f10x_tim.o(.text)
    TI1_Config                               0x08001fa7   Thumb Code   108  stm32f10x_tim.o(.text)
    .text                                    0x08002760   Section        0  stm32f10x_dma.o(.text)
    .text                                    0x080029b4   Section        0  sim808.o(.text)
    .text                                    0x08002f98   Section        0  gps.o(.text)
    .text                                    0x08003670   Section        2  use_no_semi_2.o(.text)
    .text                                    0x08003674   Section        0  c89vsprintf.o(.text)
    .text                                    0x08003698   Section        0  __2printf.o(.text)
    .text                                    0x080036b0   Section        0  __2sprintf.o(.text)
    .text                                    0x080036dc   Section        0  _printf_pad.o(.text)
    .text                                    0x0800372a   Section        0  _printf_str.o(.text)
    .text                                    0x0800377c   Section        0  __printf_flags_ss_wp.o(.text)
    .text                                    0x08003904   Section        0  strstr.o(.text)
    .text                                    0x08003928   Section        0  strlen.o(.text)
    .text                                    0x08003966   Section        0  heapauxi.o(.text)
    .text                                    0x0800396c   Section        2  use_no_semi.o(.text)
    .text                                    0x0800396e   Section        0  _printf_truncate.o(.text)
    .text                                    0x08003994   Section        0  _printf_dec.o(.text)
    .text                                    0x08003a08   Section        0  _printf_charcount.o(.text)
    .text                                    0x08003a30   Section        0  _printf_fp_dec.o(.text)
    _fp_digits                               0x08003a33   Thumb Code   428  _printf_fp_dec.o(.text)
    .text                                    0x08003e48   Section        0  _printf_char_common.o(.text)
    _printf_input_char                       0x08003e49   Thumb Code    10  _printf_char_common.o(.text)
    .text                                    0x08003e78   Section        0  _sputc.o(.text)
    .text                                    0x08003e82   Section        0  _printf_char.o(.text)
    .text                                    0x08003eb0   Section        0  _printf_char_file.o(.text)
    .text                                    0x08003ed4   Section        0  _printf_wctomb.o(.text)
    .text                                    0x08003f90   Section        0  _printf_longlong_dec.o(.text)
    .text                                    0x08004008   Section        0  _printf_oct_int_ll.o(.text)
    _printf_longlong_oct_internal            0x08004009   Thumb Code     0  _printf_oct_int_ll.o(.text)
    .text                                    0x08004078   Section        0  _printf_hex_int_ll_ptr.o(.text)
    _printf_hex_common                       0x08004079   Thumb Code     0  _printf_hex_int_ll_ptr.o(.text)
    .text                                    0x0800410c   Section        8  rt_locale_intlibspace.o(.text)
    .text                                    0x08004114   Section      138  lludiv10.o(.text)
    .text                                    0x0800419e   Section        0  _printf_intcommon.o(.text)
    .text                                    0x08004250   Section        0  _printf_fp_infnan.o(.text)
    .text                                    0x080042d0   Section        0  _printf_wchar.o(.text)
    .text                                    0x080042fc   Section        0  bigflt0.o(.text)
    .text                                    0x080043d4   Section        0  ferror.o(.text)
    .text                                    0x080043dc   Section        0  _wcrtomb.o(.text)
    .text                                    0x0800441c   Section        8  libspace.o(.text)
    .text                                    0x08004424   Section       74  sys_stackheap_outer.o(.text)
    .text                                    0x08004470   Section       16  rt_ctype_table.o(.text)
    .text                                    0x08004480   Section        0  exit.o(.text)
    .text                                    0x0800448c   Section      128  strcmpv7m.o(.text)
    CL$$btod_d2e                             0x0800450c   Section       62  btod.o(CL$$btod_d2e)
    CL$$btod_d2e_denorm_low                  0x0800454a   Section       70  btod.o(CL$$btod_d2e_denorm_low)
    CL$$btod_d2e_norm_op1                    0x08004590   Section       96  btod.o(CL$$btod_d2e_norm_op1)
    CL$$btod_div_common                      0x080045f0   Section      824  btod.o(CL$$btod_div_common)
    CL$$btod_e2e                             0x08004928   Section      198  btod.o(CL$$btod_e2e)
    CL$$btod_ediv                            0x080049ee   Section       40  btod.o(CL$$btod_ediv)
    CL$$btod_emul                            0x08004a16   Section       40  btod.o(CL$$btod_emul)
    CL$$btod_mult_common                     0x08004a3e   Section      580  btod.o(CL$$btod_mult_common)
    i.__ARM_fpclassify                       0x08004c82   Section        0  fpclassify.o(i.__ARM_fpclassify)
    i._is_digit                              0x08004caa   Section        0  __printf_wp.o(i._is_digit)
    locale$$code                             0x08004cb8   Section       44  lc_numeric_c.o(locale$$code)
    locale$$code                             0x08004ce4   Section       44  lc_ctype_c.o(locale$$code)
    x$fpl$dretinf                            0x08004d10   Section       12  dretinf.o(x$fpl$dretinf)
    x$fpl$f2d                                0x08004d1c   Section       86  f2d.o(x$fpl$f2d)
    x$fpl$fadd                               0x08004d74   Section      196  faddsub_clz.o(x$fpl$fadd)
    _fadd1                                   0x08004d83   Thumb Code     0  faddsub_clz.o(x$fpl$fadd)
    x$fpl$fcmpinf                            0x08004e38   Section       24  fcmpi.o(x$fpl$fcmpinf)
    x$fpl$fdiv                               0x08004e50   Section      388  fdiv.o(x$fpl$fdiv)
    _fdiv1                                   0x08004e51   Thumb Code     0  fdiv.o(x$fpl$fdiv)
    x$fpl$feqf                               0x08004fd4   Section      104  feqf.o(x$fpl$feqf)
    x$fpl$ffixu                              0x0800503c   Section       62  ffixu.o(x$fpl$ffixu)
    x$fpl$ffltu                              0x0800507c   Section       38  fflt_clz.o(x$fpl$ffltu)
    x$fpl$fmul                               0x080050a4   Section      258  fmul.o(x$fpl$fmul)
    x$fpl$fnaninf                            0x080051a6   Section      140  fnaninf.o(x$fpl$fnaninf)
    x$fpl$fretinf                            0x08005232   Section       10  fretinf.o(x$fpl$fretinf)
    x$fpl$fsub                               0x0800523c   Section      234  faddsub_clz.o(x$fpl$fsub)
    _fsub1                                   0x0800524b   Thumb Code     0  faddsub_clz.o(x$fpl$fsub)
    x$fpl$printf1                            0x08005326   Section        4  printf1.o(x$fpl$printf1)
    .constdata                               0x0800532a   Section       17  __printf_flags_ss_wp.o(.constdata)
    x$fpl$usenofp                            0x0800532a   Section        0  usenofp.o(x$fpl$usenofp)
    maptable                                 0x0800532a   Data          17  __printf_flags_ss_wp.o(.constdata)
    .constdata                               0x0800533c   Section        8  _printf_wctomb.o(.constdata)
    initial_mbstate                          0x0800533c   Data           8  _printf_wctomb.o(.constdata)
    .constdata                               0x08005344   Section       40  _printf_hex_int_ll_ptr.o(.constdata)
    uc_hextab                                0x08005344   Data          20  _printf_hex_int_ll_ptr.o(.constdata)
    lc_hextab                                0x08005358   Data          20  _printf_hex_int_ll_ptr.o(.constdata)
    .constdata                               0x0800536c   Section      148  bigflt0.o(.constdata)
    tenpwrs_x                                0x0800536c   Data          60  bigflt0.o(.constdata)
    tenpwrs_i                                0x080053a8   Data          64  bigflt0.o(.constdata)
    locale$$data                             0x08005420   Section       28  lc_numeric_c.o(locale$$data)
    __lcnum_c_name                           0x08005424   Data           2  lc_numeric_c.o(locale$$data)
    __lcnum_c_start                          0x0800542c   Data           0  lc_numeric_c.o(locale$$data)
    __lcnum_c_point                          0x08005438   Data           0  lc_numeric_c.o(locale$$data)
    __lcnum_c_thousands                      0x0800543a   Data           0  lc_numeric_c.o(locale$$data)
    __lcnum_c_grouping                       0x0800543b   Data           0  lc_numeric_c.o(locale$$data)
    locale$$data                             0x0800543c   Section      272  lc_ctype_c.o(locale$$data)
    __lcnum_c_end                            0x0800543c   Data           0  lc_numeric_c.o(locale$$data)
    __lcctype_c_name                         0x08005440   Data           2  lc_ctype_c.o(locale$$data)
    __lcctype_c_start                        0x08005448   Data           0  lc_ctype_c.o(locale$$data)
    __lcctype_c_end                          0x0800554c   Data           0  lc_ctype_c.o(locale$$data)
    .data                                    0x20000000   Section       20  system_stm32f10x.o(.data)
    .data                                    0x20000014   Section        1  key.o(.data)
    key_up                                   0x20000014   Data           1  key.o(.data)
    .data                                    0x20000016   Section        3  usart2.o(.data)
    i                                        0x20000018   Data           1  usart2.o(.data)
    .data                                    0x2000001a   Section        4  delay.o(.data)
    fac_us                                   0x2000001a   Data           1  delay.o(.data)
    fac_ms                                   0x2000001c   Data           2  delay.o(.data)
    .data                                    0x20000020   Section        6  usart.o(.data)
    .data                                    0x20000026   Section       20  stm32f10x_rcc.o(.data)
    APBAHBPrescTable                         0x20000026   Data          16  stm32f10x_rcc.o(.data)
    ADCPrescTable                            0x20000036   Data           4  stm32f10x_rcc.o(.data)
    .data                                    0x2000003a   Section        5  sim808.o(.data)
    .bss                                     0x20000040   Section     1234  main.o(.bss)
    .bss                                     0x20000518   Section     2048  usart2.o(.bss)
    .bss                                     0x20000d18   Section      200  usart.o(.bss)
    .bss                                     0x20000de0   Section       50  sim808.o(.bss)
    .bss                                     0x20000e14   Section       96  libspace.o(.bss)
    HEAP                                     0x20000e78   Section      512  startup_stm32f10x_md.o(HEAP)
    Heap_Mem                                 0x20000e78   Data         512  startup_stm32f10x_md.o(HEAP)
    STACK                                    0x20001078   Section     1024  startup_stm32f10x_md.o(STACK)
    Stack_Mem                                0x20001078   Data        1024  startup_stm32f10x_md.o(STACK)
    __initial_sp                             0x20001478   Data           0  startup_stm32f10x_md.o(STACK)

    Global Symbols

    Symbol Name                              Value     Ov Type        Size  Object(Section)

    BuildAttributes$$THM_ISAv4$P$D$K$B$S$PE$A:L22UL41UL21$X:L11$S22US41US21$IEEE1$IW$USESV6$~STKCKD$USESV7$~SHL$OTIME$ROPI$IEEEJ$EBA8$UX$STANDARDLIB$REQ8$PRES8$EABIv2 0x00000000   Number         0  anon$$obj.o ABSOLUTE
    __ARM_use_no_argv                        0x00000000   Number         0  main.o ABSOLUTE
    _printf_flags                            0x00000000   Number         0  printf_stubs.o ABSOLUTE
    _printf_return_value                     0x00000000   Number         0  printf_stubs.o ABSOLUTE
    _printf_sizespec                         0x00000000   Number         0  printf_stubs.o ABSOLUTE
    _printf_widthprec                        0x00000000   Number         0  printf_stubs.o ABSOLUTE
    __ARM_exceptions_init                     - Undefined Weak Reference
    __alloca_initialize                       - Undefined Weak Reference
    __cpp_initialize__aeabi_                  - Undefined Weak Reference
    __cxa_finalize                            - Undefined Weak Reference
    __sigvec_lookup                           - Undefined Weak Reference
    _atexit_init                              - Undefined Weak Reference
    _call_atexit_fns                          - Undefined Weak Reference
    _clock_init                               - Undefined Weak Reference
    _fp_trap_init                             - Undefined Weak Reference
    _fp_trap_shutdown                         - Undefined Weak Reference
    _get_lc_collate                           - Undefined Weak Reference
    _get_lc_monetary                          - Undefined Weak Reference
    _get_lc_time                              - Undefined Weak Reference
    _getenv_init                              - Undefined Weak Reference
    _handle_redirection                       - Undefined Weak Reference
    _init_alloc                               - Undefined Weak Reference
    _init_user_alloc                          - Undefined Weak Reference
    _initio                                   - Undefined Weak Reference
    _mutex_acquire                            - Undefined Weak Reference
    _mutex_release                            - Undefined Weak Reference
    _printf_fp_hex                            - Undefined Weak Reference
    _printf_mbtowc                            - Undefined Weak Reference
    _printf_wc                                - Undefined Weak Reference
    _rand_init                                - Undefined Weak Reference
    _signal_finish                            - Undefined Weak Reference
    _signal_init                              - Undefined Weak Reference
    _terminate_alloc                          - Undefined Weak Reference
    _terminate_user_alloc                     - Undefined Weak Reference
    _terminateio                              - Undefined Weak Reference
    __Vectors_Size                           0x000000ec   Number         0  startup_stm32f10x_md.o ABSOLUTE
    __Vectors                                0x08000000   Data           4  startup_stm32f10x_md.o(RESET)
    __Vectors_End                            0x080000ec   Data           0  startup_stm32f10x_md.o(RESET)
    __main                                   0x080000ed   Thumb Code     8  __main.o(!!!main)
    __scatterload                            0x080000f5   Thumb Code     0  __scatter.o(!!!scatter)
    __scatterload_rt2                        0x080000f5   Thumb Code    44  __scatter.o(!!!scatter)
    __scatterload_rt2_thumb_only             0x080000f5   Thumb Code     0  __scatter.o(!!!scatter)
    __scatterload_null                       0x08000103   Thumb Code     0  __scatter.o(!!!scatter)
    __scatterload_copy                       0x08000129   Thumb Code    26  __scatter_copy.o(!!handler_copy)
    __scatterload_zeroinit                   0x08000145   Thumb Code    28  __scatter_zi.o(!!handler_zi)
    _printf_n                                0x08000161   Thumb Code     0  _printf_n.o(.ARM.Collect$$_printf_percent$$00000001)
    _printf_percent                          0x08000161   Thumb Code     0  _printf_percent.o(.ARM.Collect$$_printf_percent$$00000000)
    _printf_p                                0x08000167   Thumb Code     0  _printf_p.o(.ARM.Collect$$_printf_percent$$00000002)
    _printf_f                                0x0800016d   Thumb Code     0  _printf_f.o(.ARM.Collect$$_printf_percent$$00000003)
    _printf_e                                0x08000173   Thumb Code     0  _printf_e.o(.ARM.Collect$$_printf_percent$$00000004)
    _printf_g                                0x08000179   Thumb Code     0  _printf_g.o(.ARM.Collect$$_printf_percent$$00000005)
    _printf_a                                0x0800017f   Thumb Code     0  _printf_a.o(.ARM.Collect$$_printf_percent$$00000006)
    _printf_ll                               0x08000185   Thumb Code     0  _printf_ll.o(.ARM.Collect$$_printf_percent$$00000007)
    _printf_i                                0x0800018f   Thumb Code     0  _printf_i.o(.ARM.Collect$$_printf_percent$$00000008)
    _printf_d                                0x08000195   Thumb Code     0  _printf_d.o(.ARM.Collect$$_printf_percent$$00000009)
    _printf_u                                0x0800019b   Thumb Code     0  _printf_u.o(.ARM.Collect$$_printf_percent$$0000000A)
    _printf_o                                0x080001a1   Thumb Code     0  _printf_o.o(.ARM.Collect$$_printf_percent$$0000000B)
    _printf_x                                0x080001a7   Thumb Code     0  _printf_x.o(.ARM.Collect$$_printf_percent$$0000000C)
    _printf_lli                              0x080001ad   Thumb Code     0  _printf_lli.o(.ARM.Collect$$_printf_percent$$0000000D)
    _printf_lld                              0x080001b3   Thumb Code     0  _printf_lld.o(.ARM.Collect$$_printf_percent$$0000000E)
    _printf_llu                              0x080001b9   Thumb Code     0  _printf_llu.o(.ARM.Collect$$_printf_percent$$0000000F)
    _printf_llo                              0x080001bf   Thumb Code     0  _printf_llo.o(.ARM.Collect$$_printf_percent$$00000010)
    _printf_llx                              0x080001c5   Thumb Code     0  _printf_llx.o(.ARM.Collect$$_printf_percent$$00000011)
    _printf_l                                0x080001cb   Thumb Code     0  _printf_l.o(.ARM.Collect$$_printf_percent$$00000012)
    _printf_c                                0x080001d5   Thumb Code     0  _printf_c.o(.ARM.Collect$$_printf_percent$$00000013)
    _printf_s                                0x080001db   Thumb Code     0  _printf_s.o(.ARM.Collect$$_printf_percent$$00000014)
    _printf_lc                               0x080001e1   Thumb Code     0  _printf_lc.o(.ARM.Collect$$_printf_percent$$00000015)
    _printf_ls                               0x080001e7   Thumb Code     0  _printf_ls.o(.ARM.Collect$$_printf_percent$$00000016)
    _printf_percent_end                      0x080001ed   Thumb Code     0  _printf_percent_end.o(.ARM.Collect$$_printf_percent$$00000017)
    __rt_lib_init                            0x080001f1   Thumb Code     0  libinit.o(.ARM.Collect$$libinit$$00000000)
    __rt_lib_init_fp_1                       0x080001f3   Thumb Code     0  libinit2.o(.ARM.Collect$$libinit$$00000002)
    __rt_lib_init_heap_1                     0x080001f3   Thumb Code     0  libinit2.o(.ARM.Collect$$libinit$$00000008)
    __rt_lib_init_lc_common                  0x080001f3   Thumb Code     0  libinit2.o(.ARM.Collect$$libinit$$0000000D)
    __rt_lib_init_rand_1                     0x080001f3   Thumb Code     0  libinit2.o(.ARM.Collect$$libinit$$0000000C)
    __rt_lib_init_user_alloc_1               0x080001f3   Thumb Code     0  libinit2.o(.ARM.Collect$$libinit$$0000000A)
    __rt_lib_init_lc_collate_1               0x080001f9   Thumb Code     0  libinit2.o(.ARM.Collect$$libinit$$0000000F)
    __rt_lib_init_lc_ctype_2                 0x080001f9   Thumb Code     0  libinit2.o(.ARM.Collect$$libinit$$00000010)
    __rt_lib_init_lc_ctype_1                 0x08000205   Thumb Code     0  libinit2.o(.ARM.Collect$$libinit$$00000011)
    __rt_lib_init_lc_monetary_1              0x08000205   Thumb Code     0  libinit2.o(.ARM.Collect$$libinit$$00000013)
    __rt_lib_init_lc_numeric_2               0x08000205   Thumb Code     0  libinit2.o(.ARM.Collect$$libinit$$00000014)
    __rt_lib_init_alloca_1                   0x0800020f   Thumb Code     0  libinit2.o(.ARM.Collect$$libinit$$0000002C)
    __rt_lib_init_argv_1                     0x0800020f   Thumb Code     0  libinit2.o(.ARM.Collect$$libinit$$0000002A)
    __rt_lib_init_atexit_1                   0x0800020f   Thumb Code     0  libinit2.o(.ARM.Collect$$libinit$$00000019)
    __rt_lib_init_clock_1                    0x0800020f   Thumb Code     0  libinit2.o(.ARM.Collect$$libinit$$0000001F)
    __rt_lib_init_cpp_1                      0x0800020f   Thumb Code     0  libinit2.o(.ARM.Collect$$libinit$$00000030)
    __rt_lib_init_exceptions_1               0x0800020f   Thumb Code     0  libinit2.o(.ARM.Collect$$libinit$$0000002E)
    __rt_lib_init_fp_trap_1                  0x0800020f   Thumb Code     0  libinit2.o(.ARM.Collect$$libinit$$0000001D)
    __rt_lib_init_getenv_1                   0x0800020f   Thumb Code     0  libinit2.o(.ARM.Collect$$libinit$$00000021)
    __rt_lib_init_lc_numeric_1               0x0800020f   Thumb Code     0  libinit2.o(.ARM.Collect$$libinit$$00000015)
    __rt_lib_init_lc_time_1                  0x0800020f   Thumb Code     0  libinit2.o(.ARM.Collect$$libinit$$00000017)
    __rt_lib_init_return                     0x0800020f   Thumb Code     0  libinit2.o(.ARM.Collect$$libinit$$00000031)
    __rt_lib_init_signal_1                   0x0800020f   Thumb Code     0  libinit2.o(.ARM.Collect$$libinit$$0000001B)
    __rt_lib_init_stdio_1                    0x0800020f   Thumb Code     0  libinit2.o(.ARM.Collect$$libinit$$00000023)
    __rt_lib_shutdown                        0x08000211   Thumb Code     0  libshutdown.o(.ARM.Collect$$libshutdown$$00000000)
    __rt_lib_shutdown_fp_trap_1              0x08000213   Thumb Code     0  libshutdown2.o(.ARM.Collect$$libshutdown$$00000006)
    __rt_lib_shutdown_heap_1                 0x08000213   Thumb Code     0  libshutdown2.o(.ARM.Collect$$libshutdown$$0000000E)
    __rt_lib_shutdown_return                 0x08000213   Thumb Code     0  libshutdown2.o(.ARM.Collect$$libshutdown$$0000000F)
    __rt_lib_shutdown_signal_1               0x08000213   Thumb Code     0  libshutdown2.o(.ARM.Collect$$libshutdown$$00000009)
    __rt_lib_shutdown_stdio_1                0x08000213   Thumb Code     0  libshutdown2.o(.ARM.Collect$$libshutdown$$00000003)
    __rt_lib_shutdown_user_alloc_1           0x08000213   Thumb Code     0  libshutdown2.o(.ARM.Collect$$libshutdown$$0000000B)
    __rt_entry                               0x08000215   Thumb Code     0  rtentry.o(.ARM.Collect$$rtentry$$00000000)
    __rt_entry_presh_1                       0x08000215   Thumb Code     0  rtentry2.o(.ARM.Collect$$rtentry$$00000002)
    __rt_entry_sh                            0x08000215   Thumb Code     0  rtentry4.o(.ARM.Collect$$rtentry$$00000004)
    __rt_entry_li                            0x0800021b   Thumb Code     0  rtentry2.o(.ARM.Collect$$rtentry$$0000000A)
    __rt_entry_postsh_1                      0x0800021b   Thumb Code     0  rtentry2.o(.ARM.Collect$$rtentry$$00000009)
    __rt_entry_main                          0x0800021f   Thumb Code     0  rtentry2.o(.ARM.Collect$$rtentry$$0000000D)
    __rt_entry_postli_1                      0x0800021f   Thumb Code     0  rtentry2.o(.ARM.Collect$$rtentry$$0000000C)
    __rt_exit                                0x08000227   Thumb Code     0  rtexit.o(.ARM.Collect$$rtexit$$00000000)
    __rt_exit_ls                             0x08000229   Thumb Code     0  rtexit2.o(.ARM.Collect$$rtexit$$00000003)
    __rt_exit_prels_1                        0x08000229   Thumb Code     0  rtexit2.o(.ARM.Collect$$rtexit$$00000002)
    __rt_exit_exit                           0x0800022d   Thumb Code     0  rtexit2.o(.ARM.Collect$$rtexit$$00000004)
    Gps_Msg_Show                             0x08000235   Thumb Code   130  main.o(.text)
    main                                     0x080002b7   Thumb Code   204  main.o(.text)
    NMI_Handler                              0x08000425   Thumb Code     2  stm32f10x_it.o(.text)
    HardFault_Handler                        0x08000427   Thumb Code     4  stm32f10x_it.o(.text)
    MemManage_Handler                        0x0800042b   Thumb Code     4  stm32f10x_it.o(.text)
    BusFault_Handler                         0x0800042f   Thumb Code     4  stm32f10x_it.o(.text)
    UsageFault_Handler                       0x08000433   Thumb Code     4  stm32f10x_it.o(.text)
    SVC_Handler                              0x08000437   Thumb Code     2  stm32f10x_it.o(.text)
    DebugMon_Handler                         0x08000439   Thumb Code     2  stm32f10x_it.o(.text)
    PendSV_Handler                           0x0800043b   Thumb Code     2  stm32f10x_it.o(.text)
    SysTick_Handler                          0x0800043d   Thumb Code     2  stm32f10x_it.o(.text)
    SystemInit                               0x0800051f   Thumb Code    78  system_stm32f10x.o(.text)
    SystemCoreClockUpdate                    0x0800056d   Thumb Code   142  system_stm32f10x.o(.text)
    KEY_Init                                 0x08000621   Thumb Code    82  key.o(.text)
    KEY_Scan                                 0x08000673   Thumb Code   154  key.o(.text)
    LED_Init                                 0x0800071d   Thumb Code    50  led.o(.text)
    TIM4_Set                                 0x08000755   Thumb Code    34  usart2.o(.text)
    USART2_IRQHandler                        0x08000777   Thumb Code    84  usart2.o(.text)
    TIM4_Init                                0x080007cb   Thumb Code    82  usart2.o(.text)
    UART_DMA_Config                          0x0800081d   Thumb Code    72  usart2.o(.text)
    USART2_Init                              0x08000865   Thumb Code   204  usart2.o(.text)
    UART_DMA_Enable                          0x08000931   Thumb Code    32  usart2.o(.text)
    u2_printf                                0x08000951   Thumb Code    56  usart2.o(.text)
    TIM4_SetARR                              0x08000989   Thumb Code    36  usart2.o(.text)
    TIM4_IRQHandler                          0x080009ad   Thumb Code   104  usart2.o(.text)
    USART3_Init                              0x08000a15   Thumb Code   124  usart2.o(.text)
    UART3SendByte                            0x08000a91   Thumb Code    28  usart2.o(.text)
    UART3SendString                          0x08000aad   Thumb Code    30  usart2.o(.text)
    delay_init                               0x08000af9   Thumb Code    50  delay.o(.text)
    delay_us                                 0x08000b2b   Thumb Code    72  delay.o(.text)
    delay_ms                                 0x08000b73   Thumb Code    72  delay.o(.text)
    NVIC_Configuration                       0x08000bcd   Thumb Code    12  sys.o(.text)
    _sys_exit                                0x08000bd9   Thumb Code     6  usart.o(.text)
    fputc                                    0x08000bdf   Thumb Code    24  usart.o(.text)
    uart_init                                0x08000bf7   Thumb Code   158  usart.o(.text)
    USART1_IRQHandler                        0x08000c95   Thumb Code   122  usart.o(.text)
    Reset_Handler                            0x08000d21   Thumb Code     8  startup_stm32f10x_md.o(.text)
    ADC1_2_IRQHandler                        0x08000d3b   Thumb Code     0  startup_stm32f10x_md.o(.text)
    CAN1_RX1_IRQHandler                      0x08000d3b   Thumb Code     0  startup_stm32f10x_md.o(.text)
    CAN1_SCE_IRQHandler                      0x08000d3b   Thumb Code     0  startup_stm32f10x_md.o(.text)
    DMA1_Channel1_IRQHandler                 0x08000d3b   Thumb Code     0  startup_stm32f10x_md.o(.text)
    DMA1_Channel2_IRQHandler                 0x08000d3b   Thumb Code     0  startup_stm32f10x_md.o(.text)
    DMA1_Channel3_IRQHandler                 0x08000d3b   Thumb Code     0  startup_stm32f10x_md.o(.text)
    DMA1_Channel4_IRQHandler                 0x08000d3b   Thumb Code     0  startup_stm32f10x_md.o(.text)
    DMA1_Channel5_IRQHandler                 0x08000d3b   Thumb Code     0  startup_stm32f10x_md.o(.text)
    DMA1_Channel6_IRQHandler                 0x08000d3b   Thumb Code     0  startup_stm32f10x_md.o(.text)
    DMA1_Channel7_IRQHandler                 0x08000d3b   Thumb Code     0  startup_stm32f10x_md.o(.text)
    EXTI0_IRQHandler                         0x08000d3b   Thumb Code     0  startup_stm32f10x_md.o(.text)
    EXTI15_10_IRQHandler                     0x08000d3b   Thumb Code     0  startup_stm32f10x_md.o(.text)
    EXTI1_IRQHandler                         0x08000d3b   Thumb Code     0  startup_stm32f10x_md.o(.text)
    EXTI2_IRQHandler                         0x08000d3b   Thumb Code     0  startup_stm32f10x_md.o(.text)
    EXTI3_IRQHandler                         0x08000d3b   Thumb Code     0  startup_stm32f10x_md.o(.text)
    EXTI4_IRQHandler                         0x08000d3b   Thumb Code     0  startup_stm32f10x_md.o(.text)
    EXTI9_5_IRQHandler                       0x08000d3b   Thumb Code     0  startup_stm32f10x_md.o(.text)
    FLASH_IRQHandler                         0x08000d3b   Thumb Code     0  startup_stm32f10x_md.o(.text)
    I2C1_ER_IRQHandler                       0x08000d3b   Thumb Code     0  startup_stm32f10x_md.o(.text)
    I2C1_EV_IRQHandler                       0x08000d3b   Thumb Code     0  startup_stm32f10x_md.o(.text)
    I2C2_ER_IRQHandler                       0x08000d3b   Thumb Code     0  startup_stm32f10x_md.o(.text)
    I2C2_EV_IRQHandler                       0x08000d3b   Thumb Code     0  startup_stm32f10x_md.o(.text)
    PVD_IRQHandler                           0x08000d3b   Thumb Code     0  startup_stm32f10x_md.o(.text)
    RCC_IRQHandler                           0x08000d3b   Thumb Code     0  startup_stm32f10x_md.o(.text)
    RTCAlarm_IRQHandler                      0x08000d3b   Thumb Code     0  startup_stm32f10x_md.o(.text)
    RTC_IRQHandler                           0x08000d3b   Thumb Code     0  startup_stm32f10x_md.o(.text)
    SPI1_IRQHandler                          0x08000d3b   Thumb Code     0  startup_stm32f10x_md.o(.text)
    SPI2_IRQHandler                          0x08000d3b   Thumb Code     0  startup_stm32f10x_md.o(.text)
    TAMPER_IRQHandler                        0x08000d3b   Thumb Code     0  startup_stm32f10x_md.o(.text)
    TIM1_BRK_IRQHandler                      0x08000d3b   Thumb Code     0  startup_stm32f10x_md.o(.text)
    TIM1_CC_IRQHandler                       0x08000d3b   Thumb Code     0  startup_stm32f10x_md.o(.text)
    TIM1_TRG_COM_IRQHandler                  0x08000d3b   Thumb Code     0  startup_stm32f10x_md.o(.text)
    TIM1_UP_IRQHandler                       0x08000d3b   Thumb Code     0  startup_stm32f10x_md.o(.text)
    TIM2_IRQHandler                          0x08000d3b   Thumb Code     0  startup_stm32f10x_md.o(.text)
    TIM3_IRQHandler                          0x08000d3b   Thumb Code     0  startup_stm32f10x_md.o(.text)
    USART3_IRQHandler                        0x08000d3b   Thumb Code     0  startup_stm32f10x_md.o(.text)
    USBWakeUp_IRQHandler                     0x08000d3b   Thumb Code     0  startup_stm32f10x_md.o(.text)
    USB_HP_CAN1_TX_IRQHandler                0x08000d3b   Thumb Code     0  startup_stm32f10x_md.o(.text)
    USB_LP_CAN1_RX0_IRQHandler               0x08000d3b   Thumb Code     0  startup_stm32f10x_md.o(.text)
    WWDG_IRQHandler                          0x08000d3b   Thumb Code     0  startup_stm32f10x_md.o(.text)
    __user_initial_stackheap                 0x08000d3d   Thumb Code     0  startup_stm32f10x_md.o(.text)
    NVIC_PriorityGroupConfig                 0x08000d61   Thumb Code    10  misc.o(.text)
    NVIC_Init                                0x08000d6b   Thumb Code   100  misc.o(.text)
    NVIC_SetVectorTable                      0x08000dcf   Thumb Code    14  misc.o(.text)
    NVIC_SystemLPConfig                      0x08000ddd   Thumb Code    34  misc.o(.text)
    SysTick_CLKSourceConfig                  0x08000dff   Thumb Code    40  misc.o(.text)
    GPIO_DeInit                              0x08000e3d   Thumb Code   172  stm32f10x_gpio.o(.text)
    GPIO_AFIODeInit                          0x08000ee9   Thumb Code    20  stm32f10x_gpio.o(.text)
    GPIO_Init                                0x08000efd   Thumb Code   278  stm32f10x_gpio.o(.text)
    GPIO_StructInit                          0x08001013   Thumb Code    16  stm32f10x_gpio.o(.text)
    GPIO_ReadInputDataBit                    0x08001023   Thumb Code    18  stm32f10x_gpio.o(.text)
    GPIO_ReadInputData                       0x08001035   Thumb Code     8  stm32f10x_gpio.o(.text)
    GPIO_ReadOutputDataBit                   0x0800103d   Thumb Code    18  stm32f10x_gpio.o(.text)
    GPIO_ReadOutputData                      0x0800104f   Thumb Code     8  stm32f10x_gpio.o(.text)
    GPIO_SetBits                             0x08001057   Thumb Code     4  stm32f10x_gpio.o(.text)
    GPIO_ResetBits                           0x0800105b   Thumb Code     4  stm32f10x_gpio.o(.text)
    GPIO_WriteBit                            0x0800105f   Thumb Code    10  stm32f10x_gpio.o(.text)
    GPIO_Write                               0x08001069   Thumb Code     4  stm32f10x_gpio.o(.text)
    GPIO_PinLockConfig                       0x0800106d   Thumb Code    18  stm32f10x_gpio.o(.text)
    GPIO_EventOutputConfig                   0x0800107f   Thumb Code    26  stm32f10x_gpio.o(.text)
    GPIO_EventOutputCmd                      0x08001099   Thumb Code     6  stm32f10x_gpio.o(.text)
    GPIO_PinRemapConfig                      0x0800109f   Thumb Code   138  stm32f10x_gpio.o(.text)
    GPIO_EXTILineConfig                      0x08001129   Thumb Code    66  stm32f10x_gpio.o(.text)
    GPIO_ETH_MediaInterfaceConfig            0x0800116b   Thumb Code     8  stm32f10x_gpio.o(.text)
    RCC_DeInit                               0x08001199   Thumb Code    64  stm32f10x_rcc.o(.text)
    RCC_HSEConfig                            0x080011d9   Thumb Code    70  stm32f10x_rcc.o(.text)
    RCC_GetFlagStatus                        0x0800121f   Thumb Code    56  stm32f10x_rcc.o(.text)
    RCC_WaitForHSEStartUp                    0x08001257   Thumb Code    56  stm32f10x_rcc.o(.text)
    RCC_AdjustHSICalibrationValue            0x0800128f   Thumb Code    20  stm32f10x_rcc.o(.text)
    RCC_HSICmd                               0x080012a3   Thumb Code     6  stm32f10x_rcc.o(.text)
    RCC_PLLConfig                            0x080012a9   Thumb Code    24  stm32f10x_rcc.o(.text)
    RCC_PLLCmd                               0x080012c1   Thumb Code     6  stm32f10x_rcc.o(.text)
    RCC_SYSCLKConfig                         0x080012c7   Thumb Code    18  stm32f10x_rcc.o(.text)
    RCC_GetSYSCLKSource                      0x080012d9   Thumb Code    10  stm32f10x_rcc.o(.text)
    RCC_HCLKConfig                           0x080012e3   Thumb Code    18  stm32f10x_rcc.o(.text)
    RCC_PCLK1Config                          0x080012f5   Thumb Code    18  stm32f10x_rcc.o(.text)
    RCC_PCLK2Config                          0x08001307   Thumb Code    20  stm32f10x_rcc.o(.text)
    RCC_ITConfig                             0x0800131b   Thumb Code    26  stm32f10x_rcc.o(.text)
    RCC_USBCLKConfig                         0x08001335   Thumb Code     8  stm32f10x_rcc.o(.text)
    RCC_ADCCLKConfig                         0x0800133d   Thumb Code    18  stm32f10x_rcc.o(.text)
    RCC_LSEConfig                            0x0800134f   Thumb Code    50  stm32f10x_rcc.o(.text)
    RCC_LSICmd                               0x08001381   Thumb Code     6  stm32f10x_rcc.o(.text)
    RCC_RTCCLKConfig                         0x08001387   Thumb Code    12  stm32f10x_rcc.o(.text)
    RCC_RTCCLKCmd                            0x08001393   Thumb Code     8  stm32f10x_rcc.o(.text)
    RCC_GetClocksFreq                        0x0800139b   Thumb Code   192  stm32f10x_rcc.o(.text)
    RCC_AHBPeriphClockCmd                    0x0800145b   Thumb Code    26  stm32f10x_rcc.o(.text)
    RCC_APB2PeriphClockCmd                   0x08001475   Thumb Code    26  stm32f10x_rcc.o(.text)
    RCC_APB1PeriphClockCmd                   0x0800148f   Thumb Code    26  stm32f10x_rcc.o(.text)
    RCC_APB2PeriphResetCmd                   0x080014a9   Thumb Code    26  stm32f10x_rcc.o(.text)
    RCC_APB1PeriphResetCmd                   0x080014c3   Thumb Code    26  stm32f10x_rcc.o(.text)
    RCC_BackupResetCmd                       0x080014dd   Thumb Code     8  stm32f10x_rcc.o(.text)
    RCC_ClockSecuritySystemCmd               0x080014e5   Thumb Code     6  stm32f10x_rcc.o(.text)
    RCC_MCOConfig                            0x080014eb   Thumb Code     6  stm32f10x_rcc.o(.text)
    RCC_ClearFlag                            0x080014f1   Thumb Code    14  stm32f10x_rcc.o(.text)
    RCC_GetITStatus                          0x080014ff   Thumb Code    20  stm32f10x_rcc.o(.text)
    RCC_ClearITPendingBit                    0x08001513   Thumb Code     6  stm32f10x_rcc.o(.text)
    USART_DeInit                             0x0800153d   Thumb Code   134  stm32f10x_usart.o(.text)
    USART_Init                               0x080015c3   Thumb Code   210  stm32f10x_usart.o(.text)
    USART_StructInit                         0x08001695   Thumb Code    24  stm32f10x_usart.o(.text)
    USART_ClockInit                          0x080016ad   Thumb Code    34  stm32f10x_usart.o(.text)
    USART_ClockStructInit                    0x080016cf   Thumb Code    12  stm32f10x_usart.o(.text)
    USART_Cmd                                0x080016db   Thumb Code    24  stm32f10x_usart.o(.text)
    USART_ITConfig                           0x080016f3   Thumb Code    74  stm32f10x_usart.o(.text)
    USART_DMACmd                             0x0800173d   Thumb Code    18  stm32f10x_usart.o(.text)
    USART_SetAddress                         0x0800174f   Thumb Code    18  stm32f10x_usart.o(.text)
    USART_WakeUpConfig                       0x08001761   Thumb Code    18  stm32f10x_usart.o(.text)
    USART_ReceiverWakeUpCmd                  0x08001773   Thumb Code    24  stm32f10x_usart.o(.text)
    USART_LINBreakDetectLengthConfig         0x0800178b   Thumb Code    18  stm32f10x_usart.o(.text)
    USART_LINCmd                             0x0800179d   Thumb Code    24  stm32f10x_usart.o(.text)
    USART_SendData                           0x080017b5   Thumb Code     8  stm32f10x_usart.o(.text)
    USART_ReceiveData                        0x080017bd   Thumb Code    10  stm32f10x_usart.o(.text)
    USART_SendBreak                          0x080017c7   Thumb Code    10  stm32f10x_usart.o(.text)
    USART_SetGuardTime                       0x080017d1   Thumb Code    16  stm32f10x_usart.o(.text)
    USART_SetPrescaler                       0x080017e1   Thumb Code    16  stm32f10x_usart.o(.text)
    USART_SmartCardCmd                       0x080017f1   Thumb Code    24  stm32f10x_usart.o(.text)
    USART_SmartCardNACKCmd                   0x08001809   Thumb Code    24  stm32f10x_usart.o(.text)
    USART_HalfDuplexCmd                      0x08001821   Thumb Code    24  stm32f10x_usart.o(.text)
    USART_OverSampling8Cmd                   0x08001839   Thumb Code    22  stm32f10x_usart.o(.text)
    USART_OneBitMethodCmd                    0x0800184f   Thumb Code    24  stm32f10x_usart.o(.text)
    USART_IrDAConfig                         0x08001867   Thumb Code    18  stm32f10x_usart.o(.text)
    USART_IrDACmd                            0x08001879   Thumb Code    24  stm32f10x_usart.o(.text)
    USART_GetFlagStatus                      0x08001891   Thumb Code    26  stm32f10x_usart.o(.text)
    USART_ClearFlag                          0x080018ab   Thumb Code    18  stm32f10x_usart.o(.text)
    USART_GetITStatus                        0x080018bd   Thumb Code    84  stm32f10x_usart.o(.text)
    USART_ClearITPendingBit                  0x08001911   Thumb Code    52  stm32f10x_usart.o(.text)
    TIM_DeInit                               0x08001945   Thumb Code   424  stm32f10x_tim.o(.text)
    TIM_TimeBaseInit                         0x08001aed   Thumb Code   122  stm32f10x_tim.o(.text)
    TIM_OC1Init                              0x08001b67   Thumb Code   132  stm32f10x_tim.o(.text)
    TIM_OC2Init                              0x08001beb   Thumb Code   154  stm32f10x_tim.o(.text)
    TIM_OC3Init                              0x08001c85   Thumb Code   150  stm32f10x_tim.o(.text)
    TIM_OC4Init                              0x08001d1b   Thumb Code   182  stm32f10x_tim.o(.text)
    TIM_SetIC4Prescaler                      0x08001dd1   Thumb Code    26  stm32f10x_tim.o(.text)
    TIM_SetIC3Prescaler                      0x08001e6d   Thumb Code    18  stm32f10x_tim.o(.text)
    TIM_SetIC2Prescaler                      0x08001ef9   Thumb Code    26  stm32f10x_tim.o(.text)
    TIM_SetIC1Prescaler                      0x08001f95   Thumb Code    18  stm32f10x_tim.o(.text)
    TIM_ICInit                               0x08002013   Thumb Code   150  stm32f10x_tim.o(.text)
    TIM_PWMIConfig                           0x080020a9   Thumb Code   124  stm32f10x_tim.o(.text)
    TIM_BDTRConfig                           0x08002125   Thumb Code    32  stm32f10x_tim.o(.text)
    TIM_TimeBaseStructInit                   0x08002145   Thumb Code    18  stm32f10x_tim.o(.text)
    TIM_OCStructInit                         0x08002157   Thumb Code    20  stm32f10x_tim.o(.text)
    TIM_ICStructInit                         0x0800216b   Thumb Code    18  stm32f10x_tim.o(.text)
    TIM_BDTRStructInit                       0x0800217d   Thumb Code    40  stm32f10x_tim.o(.text)
    TIM_Cmd                                  0x080021a5   Thumb Code    24  stm32f10x_tim.o(.text)
    TIM_CtrlPWMOutputs                       0x080021bd   Thumb Code    30  stm32f10x_tim.o(.text)
    TIM_ITConfig                             0x080021db   Thumb Code    18  stm32f10x_tim.o(.text)
    TIM_GenerateEvent                        0x080021ed   Thumb Code     4  stm32f10x_tim.o(.text)
    TIM_DMAConfig                            0x080021f1   Thumb Code    10  stm32f10x_tim.o(.text)
    TIM_DMACmd                               0x080021fb   Thumb Code    18  stm32f10x_tim.o(.text)
    TIM_InternalClockConfig                  0x0800220d   Thumb Code    12  stm32f10x_tim.o(.text)
    TIM_SelectInputTrigger                   0x08002219   Thumb Code    18  stm32f10x_tim.o(.text)
    TIM_ITRxExternalClockConfig              0x0800222b   Thumb Code    24  stm32f10x_tim.o(.text)
    TIM_TIxExternalClockConfig               0x08002243   Thumb Code    62  stm32f10x_tim.o(.text)
    TIM_ETRConfig                            0x08002281   Thumb Code    28  stm32f10x_tim.o(.text)
    TIM_ETRClockMode1Config                  0x0800229d   Thumb Code    54  stm32f10x_tim.o(.text)
    TIM_ETRClockMode2Config                  0x080022d3   Thumb Code    32  stm32f10x_tim.o(.text)
    TIM_PrescalerConfig                      0x080022f3   Thumb Code     6  stm32f10x_tim.o(.text)
    TIM_CounterModeConfig                    0x080022f9   Thumb Code    18  stm32f10x_tim.o(.text)
    TIM_EncoderInterfaceConfig               0x0800230b   Thumb Code    66  stm32f10x_tim.o(.text)
    TIM_ForcedOC1Config                      0x0800234d   Thumb Code    18  stm32f10x_tim.o(.text)
    TIM_ForcedOC2Config                      0x0800235f   Thumb Code    26  stm32f10x_tim.o(.text)
    TIM_ForcedOC3Config                      0x08002379   Thumb Code    18  stm32f10x_tim.o(.text)
    TIM_ForcedOC4Config                      0x0800238b   Thumb Code    26  stm32f10x_tim.o(.text)
    TIM_ARRPreloadConfig                     0x080023a5   Thumb Code    24  stm32f10x_tim.o(.text)
    TIM_SelectCOM                            0x080023bd   Thumb Code    24  stm32f10x_tim.o(.text)
    TIM_SelectCCDMA                          0x080023d5   Thumb Code    24  stm32f10x_tim.o(.text)
    TIM_CCPreloadControl                     0x080023ed   Thumb Code    24  stm32f10x_tim.o(.text)
    TIM_OC1PreloadConfig                     0x08002405   Thumb Code    18  stm32f10x_tim.o(.text)
    TIM_OC2PreloadConfig                     0x08002417   Thumb Code    26  stm32f10x_tim.o(.text)
    TIM_OC3PreloadConfig                     0x08002431   Thumb Code    18  stm32f10x_tim.o(.text)
    TIM_OC4PreloadConfig                     0x08002443   Thumb Code    26  stm32f10x_tim.o(.text)
    TIM_OC1FastConfig                        0x0800245d   Thumb Code    18  stm32f10x_tim.o(.text)
    TIM_OC2FastConfig                        0x0800246f   Thumb Code    26  stm32f10x_tim.o(.text)
    TIM_OC3FastConfig                        0x08002489   Thumb Code    18  stm32f10x_tim.o(.text)
    TIM_OC4FastConfig                        0x0800249b   Thumb Code    26  stm32f10x_tim.o(.text)
    TIM_ClearOC1Ref                          0x080024b5   Thumb Code    18  stm32f10x_tim.o(.text)
    TIM_ClearOC2Ref                          0x080024c7   Thumb Code    24  stm32f10x_tim.o(.text)
    TIM_ClearOC3Ref                          0x080024df   Thumb Code    18  stm32f10x_tim.o(.text)
    TIM_ClearOC4Ref                          0x080024f1   Thumb Code    24  stm32f10x_tim.o(.text)
    TIM_OC1PolarityConfig                    0x08002509   Thumb Code    18  stm32f10x_tim.o(.text)
    TIM_OC1NPolarityConfig                   0x0800251b   Thumb Code    18  stm32f10x_tim.o(.text)
    TIM_OC2PolarityConfig                    0x0800252d   Thumb Code    26  stm32f10x_tim.o(.text)
    TIM_OC2NPolarityConfig                   0x08002547   Thumb Code    26  stm32f10x_tim.o(.text)
    TIM_OC3PolarityConfig                    0x08002561   Thumb Code    26  stm32f10x_tim.o(.text)
    TIM_OC3NPolarityConfig                   0x0800257b   Thumb Code    26  stm32f10x_tim.o(.text)
    TIM_OC4PolarityConfig                    0x08002595   Thumb Code    26  stm32f10x_tim.o(.text)
    TIM_CCxCmd                               0x080025af   Thumb Code    30  stm32f10x_tim.o(.text)
    TIM_CCxNCmd                              0x080025cd   Thumb Code    30  stm32f10x_tim.o(.text)
    TIM_SelectOCxM                           0x080025eb   Thumb Code    82  stm32f10x_tim.o(.text)
    TIM_UpdateDisableConfig                  0x0800263d   Thumb Code    24  stm32f10x_tim.o(.text)
    TIM_UpdateRequestConfig                  0x08002655   Thumb Code    24  stm32f10x_tim.o(.text)
    TIM_SelectHallSensor                     0x0800266d   Thumb Code    24  stm32f10x_tim.o(.text)
    TIM_SelectOnePulseMode                   0x08002685   Thumb Code    18  stm32f10x_tim.o(.text)
    TIM_SelectOutputTrigger                  0x08002697   Thumb Code    18  stm32f10x_tim.o(.text)
    TIM_SelectSlaveMode                      0x080026a9   Thumb Code    18  stm32f10x_tim.o(.text)
    TIM_SelectMasterSlaveMode                0x080026bb   Thumb Code    18  stm32f10x_tim.o(.text)
    TIM_SetCounter                           0x080026cd   Thumb Code     4  stm32f10x_tim.o(.text)
    TIM_SetAutoreload                        0x080026d1   Thumb Code     4  stm32f10x_tim.o(.text)
    TIM_SetCompare1                          0x080026d5   Thumb Code     4  stm32f10x_tim.o(.text)
    TIM_SetCompare2                          0x080026d9   Thumb Code     4  stm32f10x_tim.o(.text)
    TIM_SetCompare3                          0x080026dd   Thumb Code     4  stm32f10x_tim.o(.text)
    TIM_SetCompare4                          0x080026e1   Thumb Code     6  stm32f10x_tim.o(.text)
    TIM_SetClockDivision                     0x080026e7   Thumb Code    18  stm32f10x_tim.o(.text)
    TIM_GetCapture1                          0x080026f9   Thumb Code     6  stm32f10x_tim.o(.text)
    TIM_GetCapture2                          0x080026ff   Thumb Code     6  stm32f10x_tim.o(.text)
    TIM_GetCapture3                          0x08002705   Thumb Code     6  stm32f10x_tim.o(.text)
    TIM_GetCapture4                          0x0800270b   Thumb Code     8  stm32f10x_tim.o(.text)
    TIM_GetCounter                           0x08002713   Thumb Code     6  stm32f10x_tim.o(.text)
    TIM_GetPrescaler                         0x08002719   Thumb Code     6  stm32f10x_tim.o(.text)
    TIM_GetFlagStatus                        0x0800271f   Thumb Code    18  stm32f10x_tim.o(.text)
    TIM_ClearFlag                            0x08002731   Thumb Code     6  stm32f10x_tim.o(.text)
    TIM_GetITStatus                          0x08002737   Thumb Code    34  stm32f10x_tim.o(.text)
    TIM_ClearITPendingBit                    0x08002759   Thumb Code     6  stm32f10x_tim.o(.text)
    DMA_DeInit                               0x08002761   Thumb Code   324  stm32f10x_dma.o(.text)
    DMA_Init                                 0x080028a5   Thumb Code    60  stm32f10x_dma.o(.text)
    DMA_StructInit                           0x080028e1   Thumb Code    26  stm32f10x_dma.o(.text)
    DMA_Cmd                                  0x080028fb   Thumb Code    24  stm32f10x_dma.o(.text)
    DMA_ITConfig                             0x08002913   Thumb Code    18  stm32f10x_dma.o(.text)
    DMA_SetCurrDataCounter                   0x08002925   Thumb Code     4  stm32f10x_dma.o(.text)
    DMA_GetCurrDataCounter                   0x08002929   Thumb Code     8  stm32f10x_dma.o(.text)
    DMA_GetFlagStatus                        0x08002931   Thumb Code    40  stm32f10x_dma.o(.text)
    DMA_ClearFlag                            0x08002959   Thumb Code    22  stm32f10x_dma.o(.text)
    DMA_GetITStatus                          0x0800296f   Thumb Code    40  stm32f10x_dma.o(.text)
    DMA_ClearITPendingBit                    0x08002997   Thumb Code    22  stm32f10x_dma.o(.text)
    sim_at_response                          0x080029b5   Thumb Code    46  sim808.o(.text)
    sim808c_check_cmd                        0x080029e3   Thumb Code    44  sim808.o(.text)
    sim808_send_cmd                          0x08002a0f   Thumb Code   148  sim808.o(.text)
    sim808c_wait_request                     0x08002aa3   Thumb Code    84  sim808.o(.text)
    sim808c_chr2hex                          0x08002af7   Thumb Code    54  sim808.o(.text)
    sim808c_hex2chr                          0x08002b2d   Thumb Code    34  sim808.o(.text)
    sim900a_work_test                        0x08002b4f   Thumb Code   108  sim808.o(.text)
    GSM_DectStatus                           0x08002bbb   Thumb Code    72  sim808.o(.text)
    SIM_MAKE_CALL                            0x08002c03   Thumb Code    38  sim808.o(.text)
    GPS_Enable                               0x08002c29   Thumb Code    50  sim808.o(.text)
    SIM808_CONNECT_SERVER                    0x08002c5b   Thumb Code   122  sim808.o(.text)
    SIM808_CONNECT_SERVER_SEND_INFOR         0x08002cd5   Thumb Code    96  sim808.o(.text)
    SIM808_GPRS_SEND_DATA                    0x08002d35   Thumb Code    58  sim808.o(.text)
    NMEA_Comma_Pos                           0x08002f99   Thumb Code    50  gps.o(.text)
    NMEA_Pow                                 0x08002fcb   Thumb Code    22  gps.o(.text)
    NMEA_Str2num                             0x08002fe1   Thumb Code   234  gps.o(.text)
    NMEA_GPGSV_Analysis                      0x080030cb   Thumb Code   290  gps.o(.text)
    NMEA_GPGGA_Analysis                      0x080031ed   Thumb Code    96  gps.o(.text)
    NMEA_GPGSA_Analysis                      0x0800324d   Thumb Code   176  gps.o(.text)
    UTC_TimeZone                             0x080032fd   Thumb Code   164  gps.o(.text)
    NMEA_GPRMC_Analysis                      0x080033a1   Thumb Code   590  gps.o(.text)
    NMEA_GPVTG_Analysis                      0x080035ef   Thumb Code    78  gps.o(.text)
    GPS_Analysis                             0x0800363d   Thumb Code    40  gps.o(.text)
    __use_no_semihosting                     0x08003671   Thumb Code     2  use_no_semi_2.o(.text)
    __c89vsprintf                            0x08003675   Thumb Code    32  c89vsprintf.o(.text)
    __2printf                                0x08003699   Thumb Code    20  __2printf.o(.text)
    __2sprintf                               0x080036b1   Thumb Code    38  __2sprintf.o(.text)
    _printf_pre_padding                      0x080036dd   Thumb Code    44  _printf_pad.o(.text)
    _printf_post_padding                     0x08003709   Thumb Code    34  _printf_pad.o(.text)
    _printf_str                              0x0800372b   Thumb Code    82  _printf_str.o(.text)
    __printf                                 0x0800377d   Thumb Code   388  __printf_flags_ss_wp.o(.text)
    strstr                                   0x08003905   Thumb Code    36  strstr.o(.text)
    strlen                                   0x08003929   Thumb Code    62  strlen.o(.text)
    __use_two_region_memory                  0x08003967   Thumb Code     2  heapauxi.o(.text)
    __rt_heap_escrow$2region                 0x08003969   Thumb Code     2  heapauxi.o(.text)
    __rt_heap_expand$2region                 0x0800396b   Thumb Code     2  heapauxi.o(.text)
    __I$use$semihosting                      0x0800396d   Thumb Code     0  use_no_semi.o(.text)
    __use_no_semihosting_swi                 0x0800396d   Thumb Code     2  use_no_semi.o(.text)
    _printf_truncate_signed                  0x0800396f   Thumb Code    18  _printf_truncate.o(.text)
    _printf_truncate_unsigned                0x08003981   Thumb Code    18  _printf_truncate.o(.text)
    _printf_int_dec                          0x08003995   Thumb Code   100  _printf_dec.o(.text)
    _printf_charcount                        0x08003a09   Thumb Code    40  _printf_charcount.o(.text)
    __lib_sel_fp_printf                      0x08003a31   Thumb Code     2  _printf_fp_dec.o(.text)
    _printf_fp_dec_real                      0x08003bdf   Thumb Code   616  _printf_fp_dec.o(.text)
    _printf_char_common                      0x08003e53   Thumb Code    32  _printf_char_common.o(.text)
    _sputc                                   0x08003e79   Thumb Code    10  _sputc.o(.text)
    _printf_cs_common                        0x08003e83   Thumb Code    20  _printf_char.o(.text)
    _printf_char                             0x08003e97   Thumb Code    16  _printf_char.o(.text)
    _printf_string                           0x08003ea7   Thumb Code     8  _printf_char.o(.text)
    _printf_char_file                        0x08003eb1   Thumb Code    32  _printf_char_file.o(.text)
    _printf_wctomb                           0x08003ed5   Thumb Code   182  _printf_wctomb.o(.text)
    _printf_longlong_dec                     0x08003f91   Thumb Code   104  _printf_longlong_dec.o(.text)
    _printf_longlong_oct                     0x08004009   Thumb Code    68  _printf_oct_int_ll.o(.text)
    _printf_int_oct                          0x0800404d   Thumb Code    24  _printf_oct_int_ll.o(.text)
    _printf_ll_oct                           0x08004065   Thumb Code    12  _printf_oct_int_ll.o(.text)
    _printf_longlong_hex                     0x08004079   Thumb Code    86  _printf_hex_int_ll_ptr.o(.text)
    _printf_int_hex                          0x080040cf   Thumb Code    28  _printf_hex_int_ll_ptr.o(.text)
    _printf_ll_hex                           0x080040eb   Thumb Code    12  _printf_hex_int_ll_ptr.o(.text)
    _printf_hex_ptr                          0x080040f7   Thumb Code    18  _printf_hex_int_ll_ptr.o(.text)
    __rt_locale                              0x0800410d   Thumb Code     8  rt_locale_intlibspace.o(.text)
    _ll_udiv10                               0x08004115   Thumb Code   138  lludiv10.o(.text)
    _printf_int_common                       0x0800419f   Thumb Code   178  _printf_intcommon.o(.text)
    _printf_fp_infnan                        0x08004251   Thumb Code   112  _printf_fp_infnan.o(.text)
    _printf_lcs_common                       0x080042d1   Thumb Code    20  _printf_wchar.o(.text)
    _printf_wchar                            0x080042e5   Thumb Code    16  _printf_wchar.o(.text)
    _printf_wstring                          0x080042f5   Thumb Code     8  _printf_wchar.o(.text)
    _btod_etento                             0x080042fd   Thumb Code   212  bigflt0.o(.text)
    ferror                                   0x080043d5   Thumb Code     8  ferror.o(.text)
    _wcrtomb                                 0x080043dd   Thumb Code    64  _wcrtomb.o(.text)
    __user_libspace                          0x0800441d   Thumb Code     8  libspace.o(.text)
    __user_perproc_libspace                  0x0800441d   Thumb Code     0  libspace.o(.text)
    __user_perthread_libspace                0x0800441d   Thumb Code     0  libspace.o(.text)
    __user_setup_stackheap                   0x08004425   Thumb Code    74  sys_stackheap_outer.o(.text)
    __rt_ctype_table                         0x08004471   Thumb Code    16  rt_ctype_table.o(.text)
    exit                                     0x08004481   Thumb Code    12  exit.o(.text)
    strcmp                                   0x0800448d   Thumb Code   128  strcmpv7m.o(.text)
    _btod_d2e                                0x0800450d   Thumb Code    62  btod.o(CL$$btod_d2e)
    _d2e_denorm_low                          0x0800454b   Thumb Code    70  btod.o(CL$$btod_d2e_denorm_low)
    _d2e_norm_op1                            0x08004591   Thumb Code    96  btod.o(CL$$btod_d2e_norm_op1)
    __btod_div_common                        0x080045f1   Thumb Code   696  btod.o(CL$$btod_div_common)
    _e2e                                     0x08004929   Thumb Code   198  btod.o(CL$$btod_e2e)
    _btod_ediv                               0x080049ef   Thumb Code    40  btod.o(CL$$btod_ediv)
    _btod_emul                               0x08004a17   Thumb Code    40  btod.o(CL$$btod_emul)
    __btod_mult_common                       0x08004a3f   Thumb Code   580  btod.o(CL$$btod_mult_common)
    __ARM_fpclassify                         0x08004c83   Thumb Code    40  fpclassify.o(i.__ARM_fpclassify)
    _is_digit                                0x08004cab   Thumb Code    14  __printf_wp.o(i._is_digit)
    _get_lc_numeric                          0x08004cb9   Thumb Code    44  lc_numeric_c.o(locale$$code)
    _get_lc_ctype                            0x08004ce5   Thumb Code    44  lc_ctype_c.o(locale$$code)
    __fpl_dretinf                            0x08004d11   Thumb Code    12  dretinf.o(x$fpl$dretinf)
    __aeabi_f2d                              0x08004d1d   Thumb Code     0  f2d.o(x$fpl$f2d)
    _f2d                                     0x08004d1d   Thumb Code    86  f2d.o(x$fpl$f2d)
    __aeabi_fadd                             0x08004d75   Thumb Code     0  faddsub_clz.o(x$fpl$fadd)
    _fadd                                    0x08004d75   Thumb Code   196  faddsub_clz.o(x$fpl$fadd)
    __fpl_fcmp_Inf                           0x08004e39   Thumb Code    24  fcmpi.o(x$fpl$fcmpinf)
    __aeabi_fdiv                             0x08004e51   Thumb Code     0  fdiv.o(x$fpl$fdiv)
    _fdiv                                    0x08004e51   Thumb Code   384  fdiv.o(x$fpl$fdiv)
    __aeabi_cfcmpeq                          0x08004fd5   Thumb Code     0  feqf.o(x$fpl$feqf)
    _fcmpeq                                  0x08004fd5   Thumb Code   104  feqf.o(x$fpl$feqf)
    __aeabi_f2uiz                            0x0800503d   Thumb Code     0  ffixu.o(x$fpl$ffixu)
    _ffixu                                   0x0800503d   Thumb Code    62  ffixu.o(x$fpl$ffixu)
    __aeabi_ui2f                             0x0800507d   Thumb Code     0  fflt_clz.o(x$fpl$ffltu)
    _ffltu                                   0x0800507d   Thumb Code    38  fflt_clz.o(x$fpl$ffltu)
    __aeabi_fmul                             0x080050a5   Thumb Code     0  fmul.o(x$fpl$fmul)
    _fmul                                    0x080050a5   Thumb Code   258  fmul.o(x$fpl$fmul)
    __fpl_fnaninf                            0x080051a7   Thumb Code   140  fnaninf.o(x$fpl$fnaninf)
    __fpl_fretinf                            0x08005233   Thumb Code    10  fretinf.o(x$fpl$fretinf)
    __aeabi_fsub                             0x0800523d   Thumb Code     0  faddsub_clz.o(x$fpl$fsub)
    _fsub                                    0x0800523d   Thumb Code   234  faddsub_clz.o(x$fpl$fsub)
    _printf_fp_dec                           0x08005327   Thumb Code     4  printf1.o(x$fpl$printf1)
    __I$use$fp                               0x0800532a   Number         0  usenofp.o(x$fpl$usenofp)
    Region$$Table$$Base                      0x08005400   Number         0  anon$$obj.o(Region$$Table)
    Region$$Table$$Limit                     0x08005420   Number         0  anon$$obj.o(Region$$Table)
    __ctype                                  0x08005449   Data           0  lc_ctype_c.o(locale$$data)
    SystemCoreClock                          0x20000000   Data           4  system_stm32f10x.o(.data)
    AHBPrescTable                            0x20000004   Data          16  system_stm32f10x.o(.data)
    USART2_RX_STA                            0x20000016   Data           2  usart2.o(.data)
    __stdout                                 0x20000020   Data           4  usart.o(.data)
    USART_RX_STA                             0x20000024   Data           2  usart.o(.data)
    Scan_Wtime                               0x2000003a   Data           1  sim808.o(.data)
    BT_Scan_mode                             0x2000003b   Data           1  sim808.o(.data)
    SIM900_CSQ                               0x2000003c   Data           3  sim808.o(.data)
    USART1_TX_BUF                            0x20000040   Data        1024  main.o(.bss)
    gpsx                                     0x20000440   Data         105  main.o(.bss)
    gpsbuf1                                  0x200004ac   Data          50  main.o(.bss)
    gpsbuf2                                  0x200004e0   Data          50  main.o(.bss)
    USART2_TX_BUF                            0x20000518   Data        1024  usart2.o(.bss)
    USART2_RX_BUF                            0x20000918   Data        1024  usart2.o(.bss)
    USART_RX_BUF                             0x20000d18   Data         200  usart.o(.bss)
    dtbuf                                    0x20000de0   Data          50  sim808.o(.bss)
    __libspace_start                         0x20000e14   Data          96  libspace.o(.bss)
    __temporary_stack_top$libspace           0x20000e74   Data           0  libspace.o(.bss)



==============================================================================

Memory Map of the image

  Image Entry point : 0x080000ed

  Load Region LR_IROM1 (Base: 0x08000000, Size: 0x0000558c, Max: 0x00020000, ABSOLUTE)

    Execution Region ER_IROM1 (Base: 0x08000000, Size: 0x0000554c, Max: 0x00020000, ABSOLUTE)

    Base Addr    Size         Type   Attr      Idx    E Section Name        Object

    0x08000000   0x000000ec   Data   RO          310    RESET               startup_stm32f10x_md.o
    0x080000ec   0x00000008   Code   RO          481  * !!!main             c_w.l(__main.o)
    0x080000f4   0x00000034   Code   RO          798    !!!scatter          c_w.l(__scatter.o)
    0x08000128   0x0000001a   Code   RO          800    !!handler_copy      c_w.l(__scatter_copy.o)
    0x08000142   0x00000002   PAD
    0x08000144   0x0000001c   Code   RO          802    !!handler_zi        c_w.l(__scatter_zi.o)
    0x08000160   0x00000000   Code   RO          474    .ARM.Collect$$_printf_percent$$00000000  c_w.l(_printf_percent.o)
    0x08000160   0x00000006   Code   RO          562    .ARM.Collect$$_printf_percent$$00000001  c_w.l(_printf_n.o)
    0x08000166   0x00000006   Code   RO          564    .ARM.Collect$$_printf_percent$$00000002  c_w.l(_printf_p.o)
    0x0800016c   0x00000006   Code   RO          473    .ARM.Collect$$_printf_percent$$00000003  c_w.l(_printf_f.o)
    0x08000172   0x00000006   Code   RO          569    .ARM.Collect$$_printf_percent$$00000004  c_w.l(_printf_e.o)
    0x08000178   0x00000006   Code   RO          570    .ARM.Collect$$_printf_percent$$00000005  c_w.l(_printf_g.o)
    0x0800017e   0x00000006   Code   RO          571    .ARM.Collect$$_printf_percent$$00000006  c_w.l(_printf_a.o)
    0x08000184   0x0000000a   Code   RO          576    .ARM.Collect$$_printf_percent$$00000007  c_w.l(_printf_ll.o)
    0x0800018e   0x00000006   Code   RO          566    .ARM.Collect$$_printf_percent$$00000008  c_w.l(_printf_i.o)
    0x08000194   0x00000006   Code   RO          567    .ARM.Collect$$_printf_percent$$00000009  c_w.l(_printf_d.o)
    0x0800019a   0x00000006   Code   RO          568    .ARM.Collect$$_printf_percent$$0000000A  c_w.l(_printf_u.o)
    0x080001a0   0x00000006   Code   RO          565    .ARM.Collect$$_printf_percent$$0000000B  c_w.l(_printf_o.o)
    0x080001a6   0x00000006   Code   RO          563    .ARM.Collect$$_printf_percent$$0000000C  c_w.l(_printf_x.o)
    0x080001ac   0x00000006   Code   RO          573    .ARM.Collect$$_printf_percent$$0000000D  c_w.l(_printf_lli.o)
    0x080001b2   0x00000006   Code   RO          574    .ARM.Collect$$_printf_percent$$0000000E  c_w.l(_printf_lld.o)
    0x080001b8   0x00000006   Code   RO          575    .ARM.Collect$$_printf_percent$$0000000F  c_w.l(_printf_llu.o)
    0x080001be   0x00000006   Code   RO          580    .ARM.Collect$$_printf_percent$$00000010  c_w.l(_printf_llo.o)
    0x080001c4   0x00000006   Code   RO          581    .ARM.Collect$$_printf_percent$$00000011  c_w.l(_printf_llx.o)
    0x080001ca   0x0000000a   Code   RO          577    .ARM.Collect$$_printf_percent$$00000012  c_w.l(_printf_l.o)
    0x080001d4   0x00000006   Code   RO          471    .ARM.Collect$$_printf_percent$$00000013  c_w.l(_printf_c.o)
    0x080001da   0x00000006   Code   RO          472    .ARM.Collect$$_printf_percent$$00000014  c_w.l(_printf_s.o)
    0x080001e0   0x00000006   Code   RO          578    .ARM.Collect$$_printf_percent$$00000015  c_w.l(_printf_lc.o)
    0x080001e6   0x00000006   Code   RO          579    .ARM.Collect$$_printf_percent$$00000016  c_w.l(_printf_ls.o)
    0x080001ec   0x00000004   Code   RO          572    .ARM.Collect$$_printf_percent$$00000017  c_w.l(_printf_percent_end.o)
    0x080001f0   0x00000002   Code   RO          675    .ARM.Collect$$libinit$$00000000  c_w.l(libinit.o)
    0x080001f2   0x00000000   Code   RO          677    .ARM.Collect$$libinit$$00000002  c_w.l(libinit2.o)
    0x080001f2   0x00000000   Code   RO          680    .ARM.Collect$$libinit$$00000008  c_w.l(libinit2.o)
    0x080001f2   0x00000000   Code   RO          682    .ARM.Collect$$libinit$$0000000A  c_w.l(libinit2.o)
    0x080001f2   0x00000000   Code   RO          684    .ARM.Collect$$libinit$$0000000C  c_w.l(libinit2.o)
    0x080001f2   0x00000006   Code   RO          685    .ARM.Collect$$libinit$$0000000D  c_w.l(libinit2.o)
    0x080001f8   0x00000000   Code   RO          687    .ARM.Collect$$libinit$$0000000F  c_w.l(libinit2.o)
    0x080001f8   0x0000000c   Code   RO          688    .ARM.Collect$$libinit$$00000010  c_w.l(libinit2.o)
    0x08000204   0x00000000   Code   RO          689    .ARM.Collect$$libinit$$00000011  c_w.l(libinit2.o)
    0x08000204   0x00000000   Code   RO          691    .ARM.Collect$$libinit$$00000013  c_w.l(libinit2.o)
    0x08000204   0x0000000a   Code   RO          692    .ARM.Collect$$libinit$$00000014  c_w.l(libinit2.o)
    0x0800020e   0x00000000   Code   RO          693    .ARM.Collect$$libinit$$00000015  c_w.l(libinit2.o)
    0x0800020e   0x00000000   Code   RO          695    .ARM.Collect$$libinit$$00000017  c_w.l(libinit2.o)
    0x0800020e   0x00000000   Code   RO          697    .ARM.Collect$$libinit$$00000019  c_w.l(libinit2.o)
    0x0800020e   0x00000000   Code   RO          699    .ARM.Collect$$libinit$$0000001B  c_w.l(libinit2.o)
    0x0800020e   0x00000000   Code   RO          701    .ARM.Collect$$libinit$$0000001D  c_w.l(libinit2.o)
    0x0800020e   0x00000000   Code   RO          703    .ARM.Collect$$libinit$$0000001F  c_w.l(libinit2.o)
    0x0800020e   0x00000000   Code   RO          705    .ARM.Collect$$libinit$$00000021  c_w.l(libinit2.o)
    0x0800020e   0x00000000   Code   RO          707    .ARM.Collect$$libinit$$00000023  c_w.l(libinit2.o)
    0x0800020e   0x00000000   Code   RO          711    .ARM.Collect$$libinit$$0000002A  c_w.l(libinit2.o)
    0x0800020e   0x00000000   Code   RO          713    .ARM.Collect$$libinit$$0000002C  c_w.l(libinit2.o)
    0x0800020e   0x00000000   Code   RO          715    .ARM.Collect$$libinit$$0000002E  c_w.l(libinit2.o)
    0x0800020e   0x00000000   Code   RO          717    .ARM.Collect$$libinit$$00000030  c_w.l(libinit2.o)
    0x0800020e   0x00000002   Code   RO          718    .ARM.Collect$$libinit$$00000031  c_w.l(libinit2.o)
    0x08000210   0x00000002   Code   RO          749    .ARM.Collect$$libshutdown$$00000000  c_w.l(libshutdown.o)
    0x08000212   0x00000000   Code   RO          759    .ARM.Collect$$libshutdown$$00000003  c_w.l(libshutdown2.o)
    0x08000212   0x00000000   Code   RO          762    .ARM.Collect$$libshutdown$$00000006  c_w.l(libshutdown2.o)
    0x08000212   0x00000000   Code   RO          765    .ARM.Collect$$libshutdown$$00000009  c_w.l(libshutdown2.o)
    0x08000212   0x00000000   Code   RO          767    .ARM.Collect$$libshutdown$$0000000B  c_w.l(libshutdown2.o)
    0x08000212   0x00000000   Code   RO          770    .ARM.Collect$$libshutdown$$0000000E  c_w.l(libshutdown2.o)
    0x08000212   0x00000002   Code   RO          771    .ARM.Collect$$libshutdown$$0000000F  c_w.l(libshutdown2.o)
    0x08000214   0x00000000   Code   RO          513    .ARM.Collect$$rtentry$$00000000  c_w.l(rtentry.o)
    0x08000214   0x00000000   Code   RO          592    .ARM.Collect$$rtentry$$00000002  c_w.l(rtentry2.o)
    0x08000214   0x00000006   Code   RO          604    .ARM.Collect$$rtentry$$00000004  c_w.l(rtentry4.o)
    0x0800021a   0x00000000   Code   RO          594    .ARM.Collect$$rtentry$$00000009  c_w.l(rtentry2.o)
    0x0800021a   0x00000004   Code   RO          595    .ARM.Collect$$rtentry$$0000000A  c_w.l(rtentry2.o)
    0x0800021e   0x00000000   Code   RO          597    .ARM.Collect$$rtentry$$0000000C  c_w.l(rtentry2.o)
    0x0800021e   0x00000008   Code   RO          598    .ARM.Collect$$rtentry$$0000000D  c_w.l(rtentry2.o)
    0x08000226   0x00000002   Code   RO          719    .ARM.Collect$$rtexit$$00000000  c_w.l(rtexit.o)
    0x08000228   0x00000000   Code   RO          729    .ARM.Collect$$rtexit$$00000002  c_w.l(rtexit2.o)
    0x08000228   0x00000004   Code   RO          730    .ARM.Collect$$rtexit$$00000003  c_w.l(rtexit2.o)
    0x0800022c   0x00000006   Code   RO          731    .ARM.Collect$$rtexit$$00000004  c_w.l(rtexit2.o)
    0x08000232   0x00000002   PAD
    0x08000234   0x000001f0   Code   RO            1    .text               main.o
    0x08000424   0x0000001a   Code   RO          138    .text               stm32f10x_it.o
    0x0800043e   0x00000002   PAD
    0x08000440   0x000001e0   Code   RO          179    .text               system_stm32f10x.o
    0x08000620   0x000000fc   Code   RO          197    .text               key.o
    0x0800071c   0x00000038   Code   RO          210    .text               led.o
    0x08000754   0x000003a4   Code   RO          222    .text               usart2.o
    0x08000af8   0x000000d4   Code   RO          248    .text               delay.o
    0x08000bcc   0x0000000c   Code   RO          262    .text               sys.o
    0x08000bd8   0x00000148   Code   RO          274    .text               usart.o
    0x08000d20   0x00000040   Code   RO          311    .text               startup_stm32f10x_md.o
    0x08000d60   0x000000dc   Code   RO          315    .text               misc.o
    0x08000e3c   0x0000035c   Code   RO          327    .text               stm32f10x_gpio.o
    0x08001198   0x000003a4   Code   RO          339    .text               stm32f10x_rcc.o
    0x0800153c   0x00000408   Code   RO          353    .text               stm32f10x_usart.o
    0x08001944   0x00000e1a   Code   RO          365    .text               stm32f10x_tim.o
    0x0800275e   0x00000002   PAD
    0x08002760   0x00000254   Code   RO          377    .text               stm32f10x_dma.o
    0x080029b4   0x000005e4   Code   RO          389    .text               sim808.o
    0x08002f98   0x000006d8   Code   RO          408    .text               gps.o
    0x08003670   0x00000002   Code   RO          433    .text               c_w.l(use_no_semi_2.o)
    0x08003672   0x00000002   PAD
    0x08003674   0x00000024   Code   RO          435    .text               c_w.l(c89vsprintf.o)
    0x08003698   0x00000018   Code   RO          437    .text               c_w.l(__2printf.o)
    0x080036b0   0x0000002c   Code   RO          439    .text               c_w.l(__2sprintf.o)
    0x080036dc   0x0000004e   Code   RO          447    .text               c_w.l(_printf_pad.o)
    0x0800372a   0x00000052   Code   RO          449    .text               c_w.l(_printf_str.o)
    0x0800377c   0x00000188   Code   RO          468    .text               c_w.l(__printf_flags_ss_wp.o)
    0x08003904   0x00000024   Code   RO          475    .text               c_w.l(strstr.o)
    0x08003928   0x0000003e   Code   RO          477    .text               c_w.l(strlen.o)
    0x08003966   0x00000006   Code   RO          479    .text               c_w.l(heapauxi.o)
    0x0800396c   0x00000002   Code   RO          511    .text               c_w.l(use_no_semi.o)
    0x0800396e   0x00000024   Code   RO          514    .text               c_w.l(_printf_truncate.o)
    0x08003992   0x00000002   PAD
    0x08003994   0x00000074   Code   RO          516    .text               c_w.l(_printf_dec.o)
    0x08003a08   0x00000028   Code   RO          518    .text               c_w.l(_printf_charcount.o)
    0x08003a30   0x00000416   Code   RO          520    .text               c_w.l(_printf_fp_dec.o)
    0x08003e46   0x00000002   PAD
    0x08003e48   0x00000030   Code   RO          522    .text               c_w.l(_printf_char_common.o)
    0x08003e78   0x0000000a   Code   RO          524    .text               c_w.l(_sputc.o)
    0x08003e82   0x0000002c   Code   RO          526    .text               c_w.l(_printf_char.o)
    0x08003eae   0x00000002   PAD
    0x08003eb0   0x00000024   Code   RO          528    .text               c_w.l(_printf_char_file.o)
    0x08003ed4   0x000000bc   Code   RO          530    .text               c_w.l(_printf_wctomb.o)
    0x08003f90   0x00000078   Code   RO          533    .text               c_w.l(_printf_longlong_dec.o)
    0x08004008   0x00000070   Code   RO          539    .text               c_w.l(_printf_oct_int_ll.o)
    0x08004078   0x00000094   Code   RO          559    .text               c_w.l(_printf_hex_int_ll_ptr.o)
    0x0800410c   0x00000008   Code   RO          609    .text               c_w.l(rt_locale_intlibspace.o)
    0x08004114   0x0000008a   Code   RO          611    .text               c_w.l(lludiv10.o)
    0x0800419e   0x000000b2   Code   RO          613    .text               c_w.l(_printf_intcommon.o)
    0x08004250   0x00000080   Code   RO          615    .text               c_w.l(_printf_fp_infnan.o)
    0x080042d0   0x0000002c   Code   RO          619    .text               c_w.l(_printf_wchar.o)
    0x080042fc   0x000000d8   Code   RO          621    .text               c_w.l(bigflt0.o)
    0x080043d4   0x00000008   Code   RO          646    .text               c_w.l(ferror.o)
    0x080043dc   0x00000040   Code   RO          650    .text               c_w.l(_wcrtomb.o)
    0x0800441c   0x00000008   Code   RO          659    .text               c_w.l(libspace.o)
    0x08004424   0x0000004a   Code   RO          662    .text               c_w.l(sys_stackheap_outer.o)
    0x0800446e   0x00000002   PAD
    0x08004470   0x00000010   Code   RO          664    .text               c_w.l(rt_ctype_table.o)
    0x08004480   0x0000000c   Code   RO          666    .text               c_w.l(exit.o)
    0x0800448c   0x00000080   Code   RO          668    .text               c_w.l(strcmpv7m.o)
    0x0800450c   0x0000003e   Code   RO          624    CL$$btod_d2e        c_w.l(btod.o)
    0x0800454a   0x00000046   Code   RO          626    CL$$btod_d2e_denorm_low  c_w.l(btod.o)
    0x08004590   0x00000060   Code   RO          625    CL$$btod_d2e_norm_op1  c_w.l(btod.o)
    0x080045f0   0x00000338   Code   RO          634    CL$$btod_div_common  c_w.l(btod.o)
    0x08004928   0x000000c6   Code   RO          631    CL$$btod_e2e        c_w.l(btod.o)
    0x080049ee   0x00000028   Code   RO          628    CL$$btod_ediv       c_w.l(btod.o)
    0x08004a16   0x00000028   Code   RO          627    CL$$btod_emul       c_w.l(btod.o)
    0x08004a3e   0x00000244   Code   RO          633    CL$$btod_mult_common  c_w.l(btod.o)
    0x08004c82   0x00000028   Code   RO          657    i.__ARM_fpclassify  m_ws.l(fpclassify.o)
    0x08004caa   0x0000000e   Code   RO          461    i._is_digit         c_w.l(__printf_wp.o)
    0x08004cb8   0x0000002c   Code   RO          653    locale$$code        c_w.l(lc_numeric_c.o)
    0x08004ce4   0x0000002c   Code   RO          722    locale$$code        c_w.l(lc_ctype_c.o)
    0x08004d10   0x0000000c   Code   RO          582    x$fpl$dretinf       fz_ws.l(dretinf.o)
    0x08004d1c   0x00000056   Code   RO          483    x$fpl$f2d           fz_ws.l(f2d.o)
    0x08004d72   0x00000002   PAD
    0x08004d74   0x000000c4   Code   RO          485    x$fpl$fadd          fz_ws.l(faddsub_clz.o)
    0x08004e38   0x00000018   Code   RO          584    x$fpl$fcmpinf       fz_ws.l(fcmpi.o)
    0x08004e50   0x00000184   Code   RO          492    x$fpl$fdiv          fz_ws.l(fdiv.o)
    0x08004fd4   0x00000068   Code   RO          495    x$fpl$feqf          fz_ws.l(feqf.o)
    0x0800503c   0x0000003e   Code   RO          497    x$fpl$ffixu         fz_ws.l(ffixu.o)
    0x0800507a   0x00000002   PAD
    0x0800507c   0x00000026   Code   RO          501    x$fpl$ffltu         fz_ws.l(fflt_clz.o)
    0x080050a2   0x00000002   PAD
    0x080050a4   0x00000102   Code   RO          507    x$fpl$fmul          fz_ws.l(fmul.o)
    0x080051a6   0x0000008c   Code   RO          586    x$fpl$fnaninf       fz_ws.l(fnaninf.o)
    0x08005232   0x0000000a   Code   RO          588    x$fpl$fretinf       fz_ws.l(fretinf.o)
    0x0800523c   0x000000ea   Code   RO          487    x$fpl$fsub          fz_ws.l(faddsub_clz.o)
    0x08005326   0x00000004   Code   RO          509    x$fpl$printf1       fz_ws.l(printf1.o)
    0x0800532a   0x00000000   Code   RO          590    x$fpl$usenofp       fz_ws.l(usenofp.o)
    0x0800532a   0x00000011   Data   RO          469    .constdata          c_w.l(__printf_flags_ss_wp.o)
    0x0800533b   0x00000001   PAD
    0x0800533c   0x00000008   Data   RO          531    .constdata          c_w.l(_printf_wctomb.o)
    0x08005344   0x00000028   Data   RO          560    .constdata          c_w.l(_printf_hex_int_ll_ptr.o)
    0x0800536c   0x00000094   Data   RO          622    .constdata          c_w.l(bigflt0.o)
    0x08005400   0x00000020   Data   RO          796    Region$$Table       anon$$obj.o
    0x08005420   0x0000001c   Data   RO          652    locale$$data        c_w.l(lc_numeric_c.o)
    0x0800543c   0x00000110   Data   RO          721    locale$$data        c_w.l(lc_ctype_c.o)


    Execution Region RW_IRAM1 (Base: 0x20000000, Size: 0x00001478, Max: 0x00005000, ABSOLUTE)

    Base Addr    Size         Type   Attr      Idx    E Section Name        Object

    0x20000000   0x00000014   Data   RW          180    .data               system_stm32f10x.o
    0x20000014   0x00000001   Data   RW          198    .data               key.o
    0x20000015   0x00000001   PAD
    0x20000016   0x00000003   Data   RW          224    .data               usart2.o
    0x20000019   0x00000001   PAD
    0x2000001a   0x00000004   Data   RW          249    .data               delay.o
    0x2000001e   0x00000002   PAD
    0x20000020   0x00000006   Data   RW          276    .data               usart.o
    0x20000026   0x00000014   Data   RW          340    .data               stm32f10x_rcc.o
    0x2000003a   0x00000005   Data   RW          391    .data               sim808.o
    0x2000003f   0x00000001   PAD
    0x20000040   0x000004d2   Zero   RW            2    .bss                main.o
    0x20000512   0x00000006   PAD
    0x20000518   0x00000800   Zero   RW          223    .bss                usart2.o
    0x20000d18   0x000000c8   Zero   RW          275    .bss                usart.o
    0x20000de0   0x00000032   Zero   RW          390    .bss                sim808.o
    0x20000e12   0x00000002   PAD
    0x20000e14   0x00000060   Zero   RW          660    .bss                c_w.l(libspace.o)
    0x20000e74   0x00000004   PAD
    0x20000e78   0x00000200   Zero   RW          309    HEAP                startup_stm32f10x_md.o
    0x20001078   0x00000400   Zero   RW          308    STACK               startup_stm32f10x_md.o


==============================================================================

Image component sizes


      Code (inc. data)   RO Data    RW Data    ZI Data      Debug   Object Name

         0          0          0          0          0         32   core_cm3.o
       212         18          0          4          0        967   delay.o
      1752         60          0          0          0       4377   gps.o
       252         16          0          1          0        800   key.o
        56          6          0          0          0        459   led.o
       496        162          0          0       1234     263321   main.o
       220         22          0          0          0       1753   misc.o
      1508        562          0          5         50       4723   sim808.o
        64         26        236          0       1536        772   startup_stm32f10x_md.o
       596          8          0          0          0       4278   stm32f10x_dma.o
       860         38          0          0          0       5597   stm32f10x_gpio.o
        26          0          0          0          0       1154   stm32f10x_it.o
       932         36          0         20          0       8740   stm32f10x_rcc.o
      3610         88          0          0          0      22080   stm32f10x_tim.o
      1032         22          0          0          0       8320   stm32f10x_usart.o
        12          0          0          0          0        425   sys.o
       480         38          0         20          0       1667   system_stm32f10x.o
       328         18          0          6        200       3114   usart.o
       932         46          0          3       2048       4615   usart2.o

    ----------------------------------------------------------------------
     13372       1166        268         64       5076     337194   Object Totals
         0          0         32          0          0          0   (incl. Generated)
         4          0          0          5          8          0   (incl. Padding)

    ----------------------------------------------------------------------

      Code (inc. data)   RO Data    RW Data    ZI Data      Debug   Library Member Name

        24          4          0          0          0         84   __2printf.o
        44          6          0          0          0         84   __2sprintf.o
         8          0          0          0          0         68   __main.o
       392          4         17          0          0         92   __printf_flags_ss_wp.o
        14          0          0          0          0         68   __printf_wp.o
        52          8          0          0          0          0   __scatter.o
        26          0          0          0          0          0   __scatter_copy.o
        28          0          0          0          0          0   __scatter_zi.o
         6          0          0          0          0          0   _printf_a.o
         6          0          0          0          0          0   _printf_c.o
        44          0          0          0          0        108   _printf_char.o
        48          6          0          0          0         96   _printf_char_common.o
        36          4          0          0          0         80   _printf_char_file.o
        40          0          0          0          0         68   _printf_charcount.o
         6          0          0          0          0          0   _printf_d.o
       116         16          0          0          0         92   _printf_dec.o
         6          0          0          0          0          0   _printf_e.o
         6          0          0          0          0          0   _printf_f.o
      1046          0          0          0          0        216   _printf_fp_dec.o
       128         16          0          0          0         84   _printf_fp_infnan.o
         6          0          0          0          0          0   _printf_g.o
       148          4         40          0          0        160   _printf_hex_int_ll_ptr.o
         6          0          0          0          0          0   _printf_i.o
       178          0          0          0          0         88   _printf_intcommon.o
        10          0          0          0          0          0   _printf_l.o
         6          0          0          0          0          0   _printf_lc.o
        10          0          0          0          0          0   _printf_ll.o
         6          0          0          0          0          0   _printf_lld.o
         6          0          0          0          0          0   _printf_lli.o
         6          0          0          0          0          0   _printf_llo.o
         6          0          0          0          0          0   _printf_llu.o
         6          0          0          0          0          0   _printf_llx.o
       120         16          0          0          0         92   _printf_longlong_dec.o
         6          0          0          0          0          0   _printf_ls.o
         6          0          0          0          0          0   _printf_n.o
         6          0          0          0          0          0   _printf_o.o
       112          8          0          0          0        124   _printf_oct_int_ll.o
         6          0          0          0          0          0   _printf_p.o
        78          0          0          0          0        108   _printf_pad.o
         0          0          0          0          0          0   _printf_percent.o
         4          0          0          0          0          0   _printf_percent_end.o
         6          0          0          0          0          0   _printf_s.o
        82          0          0          0          0         80   _printf_str.o
        36          0          0          0          0         84   _printf_truncate.o
         6          0          0          0          0          0   _printf_u.o
        44          0          0          0          0        108   _printf_wchar.o
       188          6          8          0          0         92   _printf_wctomb.o
         6          0          0          0          0          0   _printf_x.o
        10          0          0          0          0         68   _sputc.o
        64          0          0          0          0         92   _wcrtomb.o
       216          4        148          0          0         96   bigflt0.o
      1910        128          0          0          0        672   btod.o
        36          4          0          0          0         76   c89vsprintf.o
        12          0          0          0          0         72   exit.o
         8          0          0          0          0         68   ferror.o
         6          0          0          0          0        152   heapauxi.o
        44         10        272          0          0         76   lc_ctype_c.o
        44         10         28          0          0         76   lc_numeric_c.o
         2          0          0          0          0          0   libinit.o
        30          0          0          0          0          0   libinit2.o
         2          0          0          0          0          0   libshutdown.o
         2          0          0          0          0          0   libshutdown2.o
         8          4          0          0         96         68   libspace.o
       138          0          0          0          0         80   lludiv10.o
        16          4          0          0          0         76   rt_ctype_table.o
         8          4          0          0          0         68   rt_locale_intlibspace.o
         0          0          0          0          0          0   rtentry.o
        12          0          0          0          0          0   rtentry2.o
         6          0          0          0          0          0   rtentry4.o
         2          0          0          0          0          0   rtexit.o
        10          0          0          0          0          0   rtexit2.o
       128          0          0          0          0         68   strcmpv7m.o
        62          0          0          0          0         76   strlen.o
        36          0          0          0          0         80   strstr.o
        74          0          0          0          0         80   sys_stackheap_outer.o
         2          0          0          0          0         68   use_no_semi.o
         2          0          0          0          0         68   use_no_semi_2.o
        12          0          0          0          0         68   dretinf.o
        86          4          0          0          0         84   f2d.o
       430          8          0          0          0        168   faddsub_clz.o
        24          0          0          0          0         68   fcmpi.o
       388         76          0          0          0         96   fdiv.o
       104          4          0          0          0         84   feqf.o
        62          4          0          0          0         84   ffixu.o
        38          0          0          0          0         68   fflt_clz.o
       258          4          0          0          0         84   fmul.o
       140          4          0          0          0         84   fnaninf.o
        10          0          0          0          0         68   fretinf.o
         4          0          0          0          0         68   printf1.o
         0          0          0          0          0          0   usenofp.o
        40          0          0          0          0         68   fpclassify.o

    ----------------------------------------------------------------------
      7682        370        514          0        100       5348   Library Totals
        20          0          1          0          4          0   (incl. Padding)

    ----------------------------------------------------------------------

      Code (inc. data)   RO Data    RW Data    ZI Data      Debug   Library Name

      6066        266        513          0         96       4256   c_w.l
      1556        104          0          0          0       1024   fz_ws.l
        40          0          0          0          0         68   m_ws.l

    ----------------------------------------------------------------------
      7682        370        514          0        100       5348   Library Totals

    ----------------------------------------------------------------------

==============================================================================


      Code (inc. data)   RO Data    RW Data    ZI Data      Debug   

     21054       1536        782         64       5176     338118   Grand Totals
     21054       1536        782         64       5176     338118   ELF Image Totals
     21054       1536        782         64          0          0   ROM Totals

==============================================================================

    Total RO  Size (Code + RO Data)                21836 (  21.32kB)
    Total RW  Size (RW Data + ZI Data)              5240 (   5.12kB)
    Total ROM Size (Code + RO Data + RW Data)      21900 (  21.39kB)

==============================================================================

